Microchip MPLAB XC8 Compiler V2.10 ()

Linker command line:

-W-3 --edf=C:\Program Files (x86)\Microchip\xc8\v2.10\pic\dat\en_msgs.txt \
  -cs -h+dist/default/production\Obligatorio1.X.production.sym \
  --cmf=dist/default/production\Obligatorio1.X.production.cmf -z -Q16F877A \
  -oC:\Users\julia\AppData\Local\Temp\sl1s.2 --defsym=__MPLAB_BUILD=1 \
  -Mdist/default/production/Obligatorio1.X.production.map -E1 -ver=XC8 \
  --acfsm=1493 -ASTACK=0110h-016Fh -pstack=STACK -ACODE=00h-07FFhx4 \
  -ASTRCODE=00h-01FFFh -ASTRING=00h-0FFhx32 -ACONST=00h-0FFhx32 \
  -AENTRY=00h-0FFhx32 -ACOMMON=070h-07Fh -ABANK0=020h-06Fh \
  -ABANK1=0A0h-0EFh -ABANK2=0110h-016Fh -ABANK3=0190h-01EFh \
  -ARAM=020h-06Fh,0A0h-0EFh,0110h-016Fh,0190h-01EFh \
  -AABS1=020h-07Fh,0A0h-0EFh,0110h-016Fh,0190h-01EFh -ASFR0=00h-01Fh \
  -ASFR1=080h-09Fh -ASFR2=0100h-010Fh -ASFR3=0180h-018Fh \
  -preset_vec=00h,intentry=04h,init,end_init -ppowerup=CODE -pcinit=CODE \
  -pfunctab=ENTRY -ACONFIG=02007h-02007h -pconfig=CONFIG -DCONFIG=2 \
  -AIDLOC=02000h-02003h -pidloc=IDLOC -DIDLOC=2 -AEEDATA=00h-0FFh/02100h \
  -peeprom_data=EEDATA -DEEDATA=2 -DCODE=2 -DSTRCODE=2 -DSTRING=2 -DCONST=2 \
  -DENTRY=2 -k C:\Users\julia\AppData\Local\Temp\sl1s.o \
  dist/default/production\Obligatorio1.X.production.o 

Object code version is 3.11

Machine type is 16F877A



                Name                               Link     Load   Length Selector   Space Scale
C:\Users\julia\AppData\Local\Temp\sl1s.o
                end_init                              E        E        3        8       0
                reset_vec                             0        0        3        0       0
                config                             2007     2007        1     400E       0
dist/default/production\Obligatorio1.X.production.o
                cinit                                11       11       16        8       0
                intentry                              4        4        A        8       0
                text28                              6D9      6D9       33        8       0
                text27                              516      516       4B        8       0
                text26                              561      561       46        8       0
                text25                              663      663       3C        8       0
                text24                              2DD      2DD       67        8       0
                text23                              626      626       3D        8       0
                text22                              799      799       27        8       0
                text21                              69F      69F       3A        8       0
                text20                              40A      40A       62        8       0
                text19                              7C0      7C0       25        8       0
                text18                              5A7      5A7       40        8       0
                text17                              FC9      FC9       17     1F92       0
                text16                              7E5      7E5       17        8       0
                text15                              73E      73E       31        8       0
                text14                               27       27      10E        8       0
                text13                              FA6      FA6        A     1F4C       0
                text12                              70C      70C       32        8       0
                text11                              76F      76F       2A        8       0
                text10                              FB0      FB0        A     1F60       0
                text9                               FE0      FE0       20     1FC0       0
                text8                               274      274       69        8       0
                text7                               344      344       64        8       0
                text6                               20B      20B       69        8       0
                text5                               46C      46C       5B        8       0
                text4                               3A8      3A8       62        8       0
                text3                               135      135       D6        8       0
                text2                               5E7      5E7       3F        8       0
                text1                               FBA      FBA        F     1F74       0
                maintext                            4C7      4C7       4F        8       0
                cstackBANK0                          20       20       28       20       1
                cstackCOMMON                         70       70        6       70       1
                clrtext                             F9E      F9E        8     1F3C       0
                bssBANK0                             48       48       24       20       1
                dataCOMMON                           79       79        1       70       1
                bssCOMMON                            76       76        3       70       1
                strings                             800      800       10     1000       0
                idataCOMMON                         7FC      7FC        1        8       0

TOTAL           Name                               Link     Load   Length     Space
        CLASS   STACK          

        CLASS   CODE           
                end_init                              E        E        3         0
                cinit                                11       11       16         0
                intentry                              4        4        A         0
                reset_vec                             0        0        3         0
                text28                              6D9      6D9       33         0
                text27                              516      516       4B         0
                text26                              561      561       46         0
                text25                              663      663       3C         0
                text24                              2DD      2DD       67         0
                text23                              626      626       3D         0
                text22                              799      799       27         0
                text21                              69F      69F       3A         0
                text20                              40A      40A       62         0
                text19                              7C0      7C0       25         0
                text18                              5A7      5A7       40         0
                text17                              FC9      FC9       17         0
                text16                              7E5      7E5       17         0
                text15                              73E      73E       31         0
                text14                               27       27      10E         0
                text13                              FA6      FA6        A         0
                text12                              70C      70C       32         0
                text11                              76F      76F       2A         0
                text10                              FB0      FB0        A         0
                text9                               FE0      FE0       20         0
                text8                               274      274       69         0
                text7                               344      344       64         0
                text6                               20B      20B       69         0
                text5                               46C      46C       5B         0
                text4                               3A8      3A8       62         0
                text3                               135      135       D6         0
                text2                               5E7      5E7       3F         0
                text1                               FBA      FBA        F         0
                maintext                            4C7      4C7       4F         0
                clrtext                             F9E      F9E        8         0
                idataCOMMON                         7FC      7FC        1         0

        CLASS   STRCODE        

        CLASS   STRING         
                strings                             800      800       10         0

        CLASS   CONST          

        CLASS   ENTRY          

        CLASS   COMMON         
                cstackCOMMON                         70       70        6         1
                dataCOMMON                           79       79        1         1
                bssCOMMON                            76       76        3         1

        CLASS   BANK0          
                cstackBANK0                          20       20       28         1
                bssBANK0                             48       48       24         1

        CLASS   BANK1          

        CLASS   BANK2          

        CLASS   BANK3          

        CLASS   RAM            

        CLASS   ABS1           
                abs_s1                               7E       7E        2         1

        CLASS   SFR0           

        CLASS   SFR1           

        CLASS   SFR2           

        CLASS   SFR3           

        CLASS   CONFIG         
                config                             2007     2007        1         0

        CLASS   IDLOC          

        CLASS   EEDATA         



SEGMENTS        Name                           Load    Length   Top    Selector   Space  Class     Delta

                reset_vec                      000000  000003  000003         0       0  CODE        2
                intentry                       000004  0007F9  0007FD         8       0  CODE        2
                cstackBANK0                    000020  00004C  00006C        20       1  BANK0       1
                cstackCOMMON                   000070  00000A  00007A        70       1  COMMON      1
                strings                        000800  000010  000810      1000       0  STRING      2
                clrtext                        000F9E  000008  000FA6      1F3C       0  CODE        2
                text13                         000FA6  00000A  000FB0      1F4C       0  CODE        2
                text10                         000FB0  00000A  000FBA      1F60       0  CODE        2
                text1                          000FBA  00000F  000FC9      1F74       0  CODE        2
                text17                         000FC9  000017  000FE0      1F92       0  CODE        2
                text9                          000FE0  000020  001000      1FC0       0  CODE        2
                config                         002007  000001  002008      400E       0  CONFIG      2


UNUSED ADDRESS RANGES

        Name                Unused          Largest block    Delta
        BANK0            006C-006F              4           1
        BANK1            00A0-00EF             50           1
        BANK2            0110-016F             60           1
        BANK3            0190-01EF             60           1
        CODE             0003-0003              1           2
                         07FD-07FF              3
                         0810-0F9D            78E
                         1000-1FFF            800
        COMMON           007A-007D              4           1
        CONST            0003-0003              1           2
                         07FD-07FF              3
                         0810-0F9D            100
                         1000-1FFF            100
        EEDATA           2100-21FF            100           2
        ENTRY            0003-0003              1           2
                         07FD-07FF              3
                         0810-0F9D            100
                         1000-1FFF            100
        IDLOC            2000-2003              4           2
        RAM              006C-006F              4           1
                         00A0-00EF             50
                         0110-016F             60
                         0190-01EF             60
        SFR0             0000-001F             20           1
        SFR1             0080-009F             20           1
        SFR2             0100-010F             10           1
        SFR3             0180-018F             10           1
        STACK            0110-016F             60           1
        STRCODE          0003-0003              1           2
                         07FD-07FF              3
                         0810-0F9D            78E
                         1000-1FFF           1000
        STRING           0003-0003              1           2
                         07FD-07FF              3
                         0810-0F9D            100
                         1000-1FFF            100

                                  Symbol Table

?_EEPROM_search                    cstackBANK0  0034
?___awdiv                          cstackBANK0  0020
?___awmod                          cstackBANK0  0020
?___lwdiv                          cstackBANK0  0024
?___lwmod                          cstackBANK0  0020
?___wmul                           cstackBANK0  0020
?_pow                              cstackBANK0  0024
EEPROM_search@precio               cstackBANK0  003A
EEPROM_search@tp                   cstackBANK0  003C
_ADCON1                            (abs)        009F
_BMS                               strings      0806
_EEADR                             (abs)        010D
_EECON1                            (abs)        018C
_EECON1bits                        (abs)        018C
_EECON2                            (abs)        018D
_EEDATA                            (abs)        010C
_EEPROM_search                     text6        020B
_INTCON                            (abs)        000B
_INTCONbits                        (abs)        000B
_PORTB                             (abs)        0006
_PORTD                             (abs)        0008
_RA1                               (abs)        0029
_RA2                               (abs)        002A
_RA3                               (abs)        002B
_RA5                               (abs)        002D
_RCIE                              (abs)        0465
_RCIF                              (abs)        0065
_RCREG                             (abs)        001A
_RCSTA                             (abs)        0018
_SPBRG                             (abs)        0099
_STATUSbits                        (abs)        0003
_TRISA                             (abs)        0085
_TRISB                             (abs)        0086
_TRISC                             (abs)        0087
_TRISD                             (abs)        0088
_TXSTA                             (abs)        0098
__CFG_BOREN$ON                     (abs)        0000
__CFG_CP$OFF                       (abs)        0000
__CFG_CPD$OFF                      (abs)        0000
__CFG_FOSC$XT                      (abs)        0000
__CFG_LVP$OFF                      (abs)        0000
__CFG_PWRTE$OFF                    (abs)        0000
__CFG_WDTE$OFF                     (abs)        0000
__CFG_WRT$OFF                      (abs)        0000
__Habs1                            abs1         0000
__Hbank0                           bank0        0000
__Hbank1                           bank1        0000
__Hbank2                           bank2        0000
__Hbank3                           bank3        0000
__HbssBANK0                        bssBANK0     0000
__HbssCOMMON                       bssCOMMON    0000
__Hcinit                           cinit        0027
__Hclrtext                         clrtext      0000
__Hcode                            code         0000
__Hcommon                          common       0000
__Hconfig                          config       2008
__HcstackBANK0                     cstackBANK0  0000
__HcstackCOMMON                    cstackCOMMON 0000
__HdataCOMMON                      dataCOMMON   0000
__Heeprom_data                     eeprom_data  0000
__Hend_init                        end_init     0011
__Hfunctab                         functab      0000
__HidataCOMMON                     idataCOMMON  0000
__Hidloc                           idloc        0000
__Hinit                            init         000E
__Hintentry                        intentry     000E
__Hmaintext                        maintext     0000
__Hpowerup                         powerup      0000
__Hram                             ram          0000
__Hreset_vec                       reset_vec    0003
__Hsfr0                            sfr0         0000
__Hsfr1                            sfr1         0000
__Hsfr2                            sfr2         0000
__Hsfr3                            sfr3         0000
__Hspace_0                         (abs)        2008
__Hspace_1                         (abs)        007A
__Hspace_2                         (abs)        0000
__Hspace_3                         (abs)        0000
__Hstack                           stack        0000
__Hstrings                         strings      0000
__Htext                            text         0000
__Labs1                            abs1         0000
__Lbank0                           bank0        0000
__Lbank1                           bank1        0000
__Lbank2                           bank2        0000
__Lbank3                           bank3        0000
__LbssBANK0                        bssBANK0     0000
__LbssCOMMON                       bssCOMMON    0000
__Lcinit                           cinit        0011
__Lclrtext                         clrtext      0000
__Lcode                            code         0000
__Lcommon                          common       0000
__Lconfig                          config       2007
__LcstackBANK0                     cstackBANK0  0000
__LcstackCOMMON                    cstackCOMMON 0000
__LdataCOMMON                      dataCOMMON   0000
__Leeprom_data                     eeprom_data  0000
__Lend_init                        end_init     000E
__Lfunctab                         functab      0000
__LidataCOMMON                     idataCOMMON  0000
__Lidloc                           idloc        0000
__Linit                            init         000E
__Lintentry                        intentry     0004
__Lmaintext                        maintext     0000
__Lpowerup                         powerup      0000
__Lram                             ram          0000
__Lreset_vec                       reset_vec    0000
__Lsfr0                            sfr0         0000
__Lsfr1                            sfr1         0000
__Lsfr2                            sfr2         0000
__Lsfr3                            sfr3         0000
__Lspace_0                         (abs)        0000
__Lspace_1                         (abs)        0000
__Lspace_2                         (abs)        0000
__Lspace_3                         (abs)        0000
__Lstack                           stack        0000
__Lstrings                         strings      0000
__Ltext                            text         0000
__S0                               (abs)        2008
__S1                               (abs)        007A
__S2                               (abs)        0000
__S3                               (abs)        0000
___awdiv                           text8        0274
___awdiv@counter                   cstackBANK0  0024
___awdiv@dividend                  cstackBANK0  0022
___awdiv@divisor                   cstackBANK0  0020
___awdiv@quotient                  cstackBANK0  0026
___awdiv@sign                      cstackBANK0  0025
___awmod                           text5        046C
___awmod@counter                   cstackBANK0  0024
___awmod@dividend                  cstackBANK0  0022
___awmod@divisor                   cstackBANK0  0020
___awmod@sign                      cstackBANK0  0025
___bmul                            text17       0FC9
___bmul@multiplicand               cstackCOMMON 0074
___bmul@multiplier                 cstackBANK0  0021
___bmul@product                    cstackBANK0  0020
___int_sp                          stack        0000
___latbits                         (abs)        0002
___lwdiv                           text26       0561
___lwdiv@counter                   cstackBANK0  002B
___lwdiv@dividend                  cstackBANK0  0026
___lwdiv@divisor                   cstackBANK0  0024
___lwdiv@quotient                  cstackBANK0  0029
___lwmod                           text25       0663
___lwmod@counter                   cstackCOMMON 0075
___lwmod@dividend                  cstackBANK0  0022
___lwmod@divisor                   cstackBANK0  0020
___sp                              stack        0000
___stackhi                         (abs)        0000
___stacklo                         (abs)        0000
___wmul                            text22       0799
___wmul@multiplicand               cstackBANK0  0022
___wmul@multiplier                 cstackBANK0  0020
___wmul@product                    cstackCOMMON 0074
__end_of_BMS                       strings      0810
__end_of_EEPROM_search             text6        0274
__end_of___awdiv                   text8        02DD
__end_of___awmod                   text5        04C7
__end_of___bmul                    text17       0FE0
__end_of___lwdiv                   text26       05A7
__end_of___lwmod                   text25       069F
__end_of___wmul                    text22       07C0
__end_of__initialization           cinit        0023
__end_of__stringtab                strings      0806
__end_of_accionesAceptar           text23       0663
__end_of_accionesDeshacer          text19       07E5
__end_of_accionesPuertoSerial      text2        0626
__end_of_agregarModificarPrecio    text14       0135
__end_of_bailenLeds                text27       0561
__end_of_cierreDeLote              text13       0FB0
__end_of_eeprom_read               text16       07FC
__end_of_eeprom_write              text15       076F
__end_of_eliminarProd              text20       046C
__end_of_ingresoProd               text4        040A
__end_of_iniciar_usart             text1        0FC9
__end_of_int_usart                 text28       070C
__end_of_lecturaComando            text9        1000
__end_of_lecturaConsulta           text18       05E7
__end_of_lecturaEtiqueta           text3        020B
__end_of_lecturaMas                text11       0799
__end_of_lecturaMenos              text10       0FBA
__end_of_main                      maintext     0516
__end_of_mostrarDigitos            text24       0344
__end_of_pow                       text21       06D9
__end_of_verificacionEntrada       text12       073E
__end_of_verificarProd             text7        03A8
__initialization                   cinit        0011
__pbssBANK0                        bssBANK0     0048
__pbssCOMMON                       bssCOMMON    0076
__pcstackBANK0                     cstackBANK0  0020
__pcstackCOMMON                    cstackCOMMON 0070
__pdataCOMMON                      dataCOMMON   0079
__pidataCOMMON                     idataCOMMON  07FC
__pintentry                        intentry     0004
__pmaintext                        maintext     04C7
__pstrings                         strings      0800
__ptext1                           text1        0FBA
__ptext10                          text10       0FB0
__ptext11                          text11       076F
__ptext12                          text12       070C
__ptext13                          text13       0FA6
__ptext14                          text14       0027
__ptext15                          text15       073E
__ptext16                          text16       07E5
__ptext17                          text17       0FC9
__ptext18                          text18       05A7
__ptext19                          text19       07C0
__ptext2                           text2        05E7
__ptext20                          text20       040A
__ptext21                          text21       069F
__ptext22                          text22       0799
__ptext23                          text23       0626
__ptext24                          text24       02DD
__ptext25                          text25       0663
__ptext26                          text26       0561
__ptext27                          text27       0516
__ptext28                          text28       06D9
__ptext3                           text3        0135
__ptext4                           text4        03A8
__ptext5                           text5        046C
__ptext6                           text6        020B
__ptext7                           text7        0344
__ptext8                           text8        0274
__ptext9                           text9        0FE0
__size_of_EEPROM_search            (abs)        0000
__size_of___awdiv                  (abs)        0000
__size_of___awmod                  (abs)        0000
__size_of___bmul                   (abs)        0000
__size_of___lwdiv                  (abs)        0000
__size_of___lwmod                  (abs)        0000
__size_of___wmul                   (abs)        0000
__size_of_accionesAceptar          (abs)        0000
__size_of_accionesDeshacer         (abs)        0000
__size_of_accionesPuertoSerial     (abs)        0000
__size_of_agregarModificarPrecio   (abs)        0000
__size_of_bailenLeds               (abs)        0000
__size_of_cierreDeLote             (abs)        0000
__size_of_eeprom_read              (abs)        0000
__size_of_eeprom_write             (abs)        0000
__size_of_eliminarProd             (abs)        0000
__size_of_ingresoProd              (abs)        0000
__size_of_iniciar_usart            (abs)        0000
__size_of_int_usart                (abs)        0000
__size_of_lecturaComando           (abs)        0000
__size_of_lecturaConsulta          (abs)        0000
__size_of_lecturaEtiqueta          (abs)        0000
__size_of_lecturaMas               (abs)        0000
__size_of_lecturaMenos             (abs)        0000
__size_of_main                     (abs)        0000
__size_of_mostrarDigitos           (abs)        0000
__size_of_pow                      (abs)        0000
__size_of_verificacionEntrada      (abs)        0000
__size_of_verificarProd            (abs)        0000
__stringbase                       strings      0805
__stringtab                        strings      0800
_accionesAceptar                   text23       0626
_accionesDeshacer                  text19       07C0
_accionesPuertoSerial              text2        05E7
_agregarModificarPrecio            text14       0027
_auxCuenta                         bssBANK0     005D
_bailenLeds                        text27       0516
_cierreDeLote                      text13       0FA6
_codigoEntrada                     bssBANK0     0062
_cuenta                            bssBANK0     005F
_eeprom_read                       text16       07E5
_eeprom_write                      text15       073E
_eliminarProd                      text20       040A
_huboInt                           bssBANK0     005B
_ingresoProd                       text4        03A8
_iniciar_usart                     text1        0FBA
_int_usart                         text28       06D9
_lecturaComando                    text9        0FE0
_lecturaConsulta                   text18       05A7
_lecturaEtiqueta                   text3        0135
_lecturaMas                        text11       076F
_lecturaMenos                      text10       0FB0
_main                              maintext     04C7
_modoDebug                         bssCOMMON    0077
_montosLote                        bssBANK0     0055
_mostrarDigitos                    text24       02DD
_mostrarDigitos$900                cstackBANK0  002E
_nroLote                           dataCOMMON   0079
_pow                               text21       069F
_prodIngresados                    bssBANK0     0048
_productoIngresado                 bssBANK0     0059
_serial                            bssCOMMON    0078
_ventasLote                        bssBANK0     0061
_verificacionEntrada               text12       070C
_verificarProd                     text7        0344
accionesAceptar@i                  cstackBANK0  0031
agregarModificarPrecio@lower_8bits cstackBANK0  002E
agregarModificarPrecio@precio      cstackBANK0  0030
agregarModificarPrecio@tp          cstackBANK0  0032
agregarModificarPrecio@upper_8bits cstackBANK0  002F
bailenLeds@i                       cstackCOMMON 0074
btemp                              (abs)        007E
clear_ram0                         clrtext      0F9E
eeprom_read@addr                   cstackCOMMON 0075
eeprom_write@addr                  cstackBANK0  0020
eeprom_write@value                 cstackCOMMON 0074
eliminarProd@i                     cstackBANK0  0031
eliminarProd@tp                    cstackBANK0  002C
end_of_initialization              cinit        0023
ingresoProd@i                      cstackBANK0  0031
ingresoProd@tp                     cstackBANK0  002C
interrupt_function                 intentry     0004
intlevel0                          functab      0000
intlevel1                          functab      0000
intlevel2                          functab      0000
intlevel3                          functab      0000
intlevel4                          functab      0000
intlevel5                          functab      0000
lecturaEtiqueta@Aux                cstackBANK0  0043
lecturaEtiqueta@i                  cstackBANK0  0040
lecturaEtiqueta@tp                 cstackBANK0  0042
mostrarDigitos@num                 cstackBANK0  002C
pow@i                              cstackBANK0  0028
pow@numero                         cstackBANK0  0024
pow@potencia                       cstackBANK0  0026
pow@resultado                      cstackBANK0  002A
reset_vec                          reset_vec    0000
saved_w                            (abs)        007E
start                              init         000E
start_initialization               cinit        0011
verificacionEntrada@i              cstackBANK0  0021
verificacionEntrada@ret            cstackBANK0  0020
verificarProd@i                    cstackBANK0  0032
verificarProd@ret                  cstackBANK0  0031
verificarProd@tp                   cstackBANK0  002C
wtemp0                             (abs)        007E


FUNCTION INFORMATION:

 *************** function _main *****************
 Defined at:
		line 9 in file "main.c"
 Parameters:    Size  Location     Type
		None
 Auto vars:     Size  Location     Type
		None
 Return value:  Size  Location     Type
                  1    wreg      void 
 Registers used:
		wreg, fsr0l, fsr0h, status,2, status,0, btemp+1, pclath, cstack
 Tracked objects:
		On entry : 
		On exit  : 
		Unchanged: 
 Data sizes:     COMMON   BANK0   BANK1   BANK3   BANK2
      Params:         0       0       0       0       0
      Locals:         0       0       0       0       0
      Temps:          0       0       0       0       0
      Totals:         0       0       0       0       0
Total ram usage:        0 bytes
 Hardware stack levels required when called:    7
 This function calls:
		_accionesAceptar
		_accionesDeshacer
		_accionesPuertoSerial
		_iniciar_usart
		_mostrarDigitos
 This function is called by:
		Startup code after reset
 This function uses a non-reentrant model


 *************** function _iniciar_usart *****************
 Defined at:
		line 25 in file "mostrarInicializar.c"
 Parameters:    Size  Location     Type
		None
 Auto vars:     Size  Location     Type
		None
 Return value:  Size  Location     Type
                  1    wreg      void 
 Registers used:
		wreg
 Tracked objects:
		On entry : 
		On exit  : 
		Unchanged: 
 Data sizes:     COMMON   BANK0   BANK1   BANK3   BANK2
      Params:         0       0       0       0       0
      Locals:         0       0       0       0       0
      Temps:          0       0       0       0       0
      Totals:         0       0       0       0       0
Total ram usage:        0 bytes
 Hardware stack levels used:    1
 Hardware stack levels required when called:    1
 This function calls:
		Nothing
 This function is called by:
		_main
 This function uses a non-reentrant model


 *************** function _accionesPuertoSerial *****************
 Defined at:
		line 31 in file "acciones.c"
 Parameters:    Size  Location     Type
		None
 Auto vars:     Size  Location     Type
		None
 Return value:  Size  Location     Type
                  1    wreg      void 
 Registers used:
		wreg, fsr0l, fsr0h, status,2, status,0, btemp+1, pclath, cstack
 Tracked objects:
		On entry : 
		On exit  : 
		Unchanged: 
 Data sizes:     COMMON   BANK0   BANK1   BANK3   BANK2
      Params:         0       0       0       0       0
      Locals:         0       0       0       0       0
      Temps:          0       3       0       0       0
      Totals:         0       3       0       0       0
Total ram usage:        3 bytes
 Hardware stack levels used:    1
 Hardware stack levels required when called:    6
 This function calls:
		_lecturaComando
		_lecturaEtiqueta
 This function is called by:
		_main
 This function uses a non-reentrant model


 *************** function _lecturaEtiqueta *****************
 Defined at:
		line 22 in file "lectura.c"
 Parameters:    Size  Location     Type
		None
 Auto vars:     Size  Location     Type
  tp              1   34[BANK0 ] unsigned char 
  i               2   32[BANK0 ] int 
  Aux             2   35[BANK0 ] short 
 Return value:  Size  Location     Type
                  1    wreg      void 
 Registers used:
		wreg, fsr0l, fsr0h, status,2, status,0, btemp+1, pclath, cstack
 Tracked objects:
		On entry : 
		On exit  : 
		Unchanged: 
 Data sizes:     COMMON   BANK0   BANK1   BANK3   BANK2
      Params:         0       0       0       0       0
      Locals:         0       5       0       0       0
      Temps:          0       3       0       0       0
      Totals:         0       8       0       0       0
Total ram usage:        8 bytes
 Hardware stack levels used:    1
 Hardware stack levels required when called:    5
 This function calls:
		_EEPROM_search
		___awmod
		___bmul
		_ingresoProd
		_mostrarDigitos
 This function is called by:
		_accionesPuertoSerial
 This function uses a non-reentrant model


 *************** function _ingresoProd *****************
 Defined at:
		line 21 in file "manejoProductos.c"
 Parameters:    Size  Location     Type
  tp              2   12[BANK0 ] short 
 Auto vars:     Size  Location     Type
  i               2   17[BANK0 ] short 
 Return value:  Size  Location     Type
                  1    wreg      void 
 Registers used:
		wreg, fsr0l, fsr0h, status,2, status,0, pclath, cstack
 Tracked objects:
		On entry : 
		On exit  : 
		Unchanged: 
 Data sizes:     COMMON   BANK0   BANK1   BANK3   BANK2
      Params:         0       2       0       0       0
      Locals:         0       2       0       0       0
      Temps:          0       3       0       0       0
      Totals:         0       7       0       0       0
Total ram usage:        7 bytes
 Hardware stack levels used:    1
 Hardware stack levels required when called:    3
 This function calls:
		_pow
 This function is called by:
		_lecturaEtiqueta
 This function uses a non-reentrant model


 *************** function ___awmod *****************
 Defined at:
		line 5 in file "C:\Program Files (x86)\Microchip\xc8\v2.10\pic\sources\c90\common\awmod.c"
 Parameters:    Size  Location     Type
  divisor         2    0[BANK0 ] int 
  dividend        2    2[BANK0 ] int 
 Auto vars:     Size  Location     Type
  sign            1    5[BANK0 ] unsigned char 
  counter         1    4[BANK0 ] unsigned char 
 Return value:  Size  Location     Type
                  2    0[BANK0 ] int 
 Registers used:
		wreg, status,2, status,0
 Tracked objects:
		On entry : 
		On exit  : 
		Unchanged: 
 Data sizes:     COMMON   BANK0   BANK1   BANK3   BANK2
      Params:         0       4       0       0       0
      Locals:         0       2       0       0       0
      Temps:          1       0       0       0       0
      Totals:         1       6       0       0       0
Total ram usage:        7 bytes
 Hardware stack levels used:    1
 Hardware stack levels required when called:    1
 This function calls:
		Nothing
 This function is called by:
		_lecturaEtiqueta
 This function uses a non-reentrant model


 *************** function _EEPROM_search *****************
 Defined at:
		line 7 in file "lectura.c"
 Parameters:    Size  Location     Type
  tp              1    wreg     unsigned char 
 Auto vars:     Size  Location     Type
  tp              1   28[BANK0 ] unsigned char 
  precio          2   26[BANK0 ] short 
 Return value:  Size  Location     Type
                  2   20[BANK0 ] short 
 Registers used:
		wreg, fsr0l, fsr0h, status,2, status,0, btemp+1, pclath, cstack
 Tracked objects:
		On entry : 
		On exit  : 
		Unchanged: 
 Data sizes:     COMMON   BANK0   BANK1   BANK3   BANK2
      Params:         0       2       0       0       0
      Locals:         0       3       0       0       0
      Temps:          0       4       0       0       0
      Totals:         0       9       0       0       0
Total ram usage:        9 bytes
 Hardware stack levels used:    1
 Hardware stack levels required when called:    4
 This function calls:
		___awdiv
		_eeprom_read
		_verificarProd
 This function is called by:
		_lecturaEtiqueta
 This function uses a non-reentrant model


 *************** function _verificarProd *****************
 Defined at:
		line 34 in file "manejoProductos.c"
 Parameters:    Size  Location     Type
  tp              2   12[BANK0 ] short 
 Auto vars:     Size  Location     Type
  i               2   18[BANK0 ] short 
  ret             1   17[BANK0 ] unsigned char 
 Return value:  Size  Location     Type
                  1    wreg      unsigned char 
 Registers used:
		wreg, fsr0l, fsr0h, status,2, status,0, pclath, cstack
 Tracked objects:
		On entry : 
		On exit  : 
		Unchanged: 
 Data sizes:     COMMON   BANK0   BANK1   BANK3   BANK2
      Params:         0       2       0       0       0
      Locals:         0       3       0       0       0
      Temps:          0       3       0       0       0
      Totals:         0       8       0       0       0
Total ram usage:        8 bytes
 Hardware stack levels used:    1
 Hardware stack levels required when called:    3
 This function calls:
		_pow
 This function is called by:
		_EEPROM_search
 This function uses a non-reentrant model


 *************** function ___awdiv *****************
 Defined at:
		line 5 in file "C:\Program Files (x86)\Microchip\xc8\v2.10\pic\sources\c90\common\awdiv.c"
 Parameters:    Size  Location     Type
  divisor         2    0[BANK0 ] int 
  dividend        2    2[BANK0 ] int 
 Auto vars:     Size  Location     Type
  quotient        2    6[BANK0 ] int 
  sign            1    5[BANK0 ] unsigned char 
  counter         1    4[BANK0 ] unsigned char 
 Return value:  Size  Location     Type
                  2    0[BANK0 ] int 
 Registers used:
		wreg, status,2, status,0
 Tracked objects:
		On entry : 
		On exit  : 
		Unchanged: 
 Data sizes:     COMMON   BANK0   BANK1   BANK3   BANK2
      Params:         0       4       0       0       0
      Locals:         0       4       0       0       0
      Temps:          1       0       0       0       0
      Totals:         1       8       0       0       0
Total ram usage:        9 bytes
 Hardware stack levels used:    1
 Hardware stack levels required when called:    1
 This function calls:
		Nothing
 This function is called by:
		_EEPROM_search
 This function uses a non-reentrant model


 *************** function _lecturaComando *****************
 Defined at:
		line 141 in file "lectura.c"
 Parameters:    Size  Location     Type
		None
 Auto vars:     Size  Location     Type
		None
 Return value:  Size  Location     Type
                  1    wreg      void 
 Registers used:
		wreg, fsr0l, fsr0h, status,2, status,0, btemp+1, pclath, cstack
 Tracked objects:
		On entry : 
		On exit  : 
		Unchanged: 
 Data sizes:     COMMON   BANK0   BANK1   BANK3   BANK2
      Params:         0       0       0       0       0
      Locals:         0       0       0       0       0
      Temps:          0       0       0       0       0
      Totals:         0       0       0       0       0
Total ram usage:        0 bytes
 Hardware stack levels used:    1
 Hardware stack levels required when called:    4
 This function calls:
		_lecturaConsulta
		_lecturaMas
		_lecturaMenos
 This function is called by:
		_accionesPuertoSerial
 This function uses a non-reentrant model


 *************** function _lecturaMenos *****************
 Defined at:
		line 99 in file "lectura.c"
 Parameters:    Size  Location     Type
		None
 Auto vars:     Size  Location     Type
		None
 Return value:  Size  Location     Type
                  1    wreg      void 
 Registers used:
		wreg, status,2, status,0
 Tracked objects:
		On entry : 
		On exit  : 
		Unchanged: 
 Data sizes:     COMMON   BANK0   BANK1   BANK3   BANK2
      Params:         0       0       0       0       0
      Locals:         0       0       0       0       0
      Temps:          0       0       0       0       0
      Totals:         0       0       0       0       0
Total ram usage:        0 bytes
 Hardware stack levels used:    1
 Hardware stack levels required when called:    1
 This function calls:
		Nothing
 This function is called by:
		_lecturaComando
 This function uses a non-reentrant model


 *************** function _lecturaMas *****************
 Defined at:
		line 84 in file "lectura.c"
 Parameters:    Size  Location     Type
		None
 Auto vars:     Size  Location     Type
		None
 Return value:  Size  Location     Type
                  1    wreg      void 
 Registers used:
		wreg, fsr0l, fsr0h, status,2, status,0, btemp+1, pclath, cstack
 Tracked objects:
		On entry : 
		On exit  : 
		Unchanged: 
 Data sizes:     COMMON   BANK0   BANK1   BANK3   BANK2
      Params:         0       0       0       0       0
      Locals:         0       0       0       0       0
      Temps:          0       0       0       0       0
      Totals:         0       0       0       0       0
Total ram usage:        0 bytes
 Hardware stack levels used:    1
 Hardware stack levels required when called:    3
 This function calls:
		_agregarModificarPrecio
		_cierreDeLote
		_verificacionEntrada
 This function is called by:
		_lecturaComando
 This function uses a non-reentrant model


 *************** function _verificacionEntrada *****************
 Defined at:
		line 64 in file "lectura.c"
 Parameters:    Size  Location     Type
		None
 Auto vars:     Size  Location     Type
  i               1    1[BANK0 ] unsigned char 
  ret             1    0[BANK0 ] unsigned char 
 Return value:  Size  Location     Type
                  1    wreg      unsigned char 
 Registers used:
		wreg, fsr0l, fsr0h, status,2, status,0
 Tracked objects:
		On entry : 
		On exit  : 
		Unchanged: 
 Data sizes:     COMMON   BANK0   BANK1   BANK3   BANK2
      Params:         0       0       0       0       0
      Locals:         0       2       0       0       0
      Temps:          1       0       0       0       0
      Totals:         1       2       0       0       0
Total ram usage:        3 bytes
 Hardware stack levels used:    1
 Hardware stack levels required when called:    1
 This function calls:
		Nothing
 This function is called by:
		_lecturaMas
 This function uses a non-reentrant model


 *************** function _cierreDeLote *****************
 Defined at:
		line 74 in file "lectura.c"
 Parameters:    Size  Location     Type
		None
 Auto vars:     Size  Location     Type
		None
 Return value:  Size  Location     Type
                  1    wreg      void 
 Registers used:
		wreg, status,2, status,0
 Tracked objects:
		On entry : 
		On exit  : 
		Unchanged: 
 Data sizes:     COMMON   BANK0   BANK1   BANK3   BANK2
      Params:         0       0       0       0       0
      Locals:         0       0       0       0       0
      Temps:          1       0       0       0       0
      Totals:         1       0       0       0       0
Total ram usage:        1 bytes
 Hardware stack levels used:    1
 Hardware stack levels required when called:    1
 This function calls:
		Nothing
 This function is called by:
		_lecturaMas
 This function uses a non-reentrant model


 *************** function _agregarModificarPrecio *****************
 Defined at:
		line 65 in file "manejoProductos.c"
 Parameters:    Size  Location     Type
		None
 Auto vars:     Size  Location     Type
  precio          2   16[BANK0 ] short 
  tp              1   18[BANK0 ] unsigned char 
  upper_8bits     1   15[BANK0 ] unsigned char 
  lower_8bits     1   14[BANK0 ] unsigned char 
 Return value:  Size  Location     Type
                  1    wreg      void 
 Registers used:
		wreg, status,2, status,0, btemp+1, pclath, cstack
 Tracked objects:
		On entry : 
		On exit  : 
		Unchanged: 
 Data sizes:     COMMON   BANK0   BANK1   BANK3   BANK2
      Params:         0       0       0       0       0
      Locals:         0       5       0       0       0
      Temps:          0      10       0       0       0
      Totals:         0      15       0       0       0
Total ram usage:       15 bytes
 Hardware stack levels used:    1
 Hardware stack levels required when called:    2
 This function calls:
		___bmul
		___wmul
		_eeprom_read
		_eeprom_write
 This function is called by:
		_lecturaMas
 This function uses a non-reentrant model


 *************** function _eeprom_write *****************
 Defined at:
		line 6 in file "C:\Program Files (x86)\Microchip\xc8\v2.10\pic\sources\c90\pic\__eewrite.c"
 Parameters:    Size  Location     Type
  addr            1    wreg     unsigned char 
  value           1    4[COMMON] unsigned char 
 Auto vars:     Size  Location     Type
  addr            1    0[BANK0 ] unsigned char 
 Return value:  Size  Location     Type
                  1    wreg      void 
 Registers used:
		wreg, status,2, status,0
 Tracked objects:
		On entry : 
		On exit  : 
		Unchanged: 
 Data sizes:     COMMON   BANK0   BANK1   BANK3   BANK2
      Params:         1       0       0       0       0
      Locals:         0       1       0       0       0
      Temps:          1       0       0       0       0
      Totals:         2       1       0       0       0
Total ram usage:        3 bytes
 Hardware stack levels used:    1
 Hardware stack levels required when called:    1
 This function calls:
		Nothing
 This function is called by:
		_agregarModificarPrecio
 This function uses a non-reentrant model


 *************** function _eeprom_read *****************
 Defined at:
		line 6 in file "C:\Program Files (x86)\Microchip\xc8\v2.10\pic\sources\c90\pic\__eeread.c"
 Parameters:    Size  Location     Type
  addr            1    wreg     unsigned char 
 Auto vars:     Size  Location     Type
  addr            1    5[COMMON] unsigned char 
 Return value:  Size  Location     Type
                  1    wreg      unsigned char 
 Registers used:
		wreg, status,2, status,0
 Tracked objects:
		On entry : 
		On exit  : 
		Unchanged: 
 Data sizes:     COMMON   BANK0   BANK1   BANK3   BANK2
      Params:         0       0       0       0       0
      Locals:         1       0       0       0       0
      Temps:          1       0       0       0       0
      Totals:         2       0       0       0       0
Total ram usage:        2 bytes
 Hardware stack levels used:    1
 Hardware stack levels required when called:    1
 This function calls:
		Nothing
 This function is called by:
		_EEPROM_search
		_agregarModificarPrecio
 This function uses a non-reentrant model


 *************** function ___bmul *****************
 Defined at:
		line 4 in file "C:\Program Files (x86)\Microchip\xc8\v2.10\pic\sources\c90\common\Umul8.c"
 Parameters:    Size  Location     Type
  multiplier      1    wreg     unsigned char 
  multiplicand    1    4[COMMON] unsigned char 
 Auto vars:     Size  Location     Type
  multiplier      1    1[BANK0 ] unsigned char 
  product         1    0[BANK0 ] unsigned char 
 Return value:  Size  Location     Type
                  1    wreg      unsigned char 
 Registers used:
		wreg, status,2, status,0
 Tracked objects:
		On entry : 
		On exit  : 
		Unchanged: 
 Data sizes:     COMMON   BANK0   BANK1   BANK3   BANK2
      Params:         1       0       0       0       0
      Locals:         0       2       0       0       0
      Temps:          1       0       0       0       0
      Totals:         2       2       0       0       0
Total ram usage:        4 bytes
 Hardware stack levels used:    1
 Hardware stack levels required when called:    1
 This function calls:
		Nothing
 This function is called by:
		_lecturaEtiqueta
		_agregarModificarPrecio
 This function uses a non-reentrant model


 *************** function _lecturaConsulta *****************
 Defined at:
		line 109 in file "lectura.c"
 Parameters:    Size  Location     Type
		None
 Auto vars:     Size  Location     Type
  articulo        2    0        unsigned short 
 Return value:  Size  Location     Type
                  1    wreg      void 
 Registers used:
		wreg, status,2, status,0, pclath, cstack
 Tracked objects:
		On entry : 
		On exit  : 
		Unchanged: 
 Data sizes:     COMMON   BANK0   BANK1   BANK3   BANK2
      Params:         0       0       0       0       0
      Locals:         0       2       0       0       0
      Temps:          0       2       0       0       0
      Totals:         0       4       0       0       0
Total ram usage:        4 bytes
 Hardware stack levels used:    1
 Hardware stack levels required when called:    2
 This function calls:
		___wmul
 This function is called by:
		_lecturaComando
 This function uses a non-reentrant model


 *************** function _accionesDeshacer *****************
 Defined at:
		line 22 in file "acciones.c"
 Parameters:    Size  Location     Type
		None
 Auto vars:     Size  Location     Type
		None
 Return value:  Size  Location     Type
                  1    wreg      void 
 Registers used:
		wreg, fsr0l, fsr0h, status,2, status,0, pclath, cstack
 Tracked objects:
		On entry : 
		On exit  : 
		Unchanged: 
 Data sizes:     COMMON   BANK0   BANK1   BANK3   BANK2
      Params:         0       0       0       0       0
      Locals:         0       0       0       0       0
      Temps:          0       0       0       0       0
      Totals:         0       0       0       0       0
Total ram usage:        0 bytes
 Hardware stack levels used:    1
 Hardware stack levels required when called:    4
 This function calls:
		_eliminarProd
		_mostrarDigitos
 This function is called by:
		_main
 This function uses a non-reentrant model


 *************** function _eliminarProd *****************
 Defined at:
		line 51 in file "manejoProductos.c"
 Parameters:    Size  Location     Type
  tp              2   12[BANK0 ] short 
 Auto vars:     Size  Location     Type
  i               2   17[BANK0 ] short 
 Return value:  Size  Location     Type
                  1    wreg      void 
 Registers used:
		wreg, fsr0l, fsr0h, status,2, status,0, pclath, cstack
 Tracked objects:
		On entry : 
		On exit  : 
		Unchanged: 
 Data sizes:     COMMON   BANK0   BANK1   BANK3   BANK2
      Params:         0       2       0       0       0
      Locals:         0       2       0       0       0
      Temps:          0       3       0       0       0
      Totals:         0       7       0       0       0
Total ram usage:        7 bytes
 Hardware stack levels used:    1
 Hardware stack levels required when called:    3
 This function calls:
		_pow
 This function is called by:
		_accionesDeshacer
 This function uses a non-reentrant model


 *************** function _pow *****************
 Defined at:
		line 7 in file "manejoProductos.c"
 Parameters:    Size  Location     Type
  numero          2    4[BANK0 ] unsigned int 
  potencia        2    6[BANK0 ] unsigned int 
 Auto vars:     Size  Location     Type
  i               2    8[BANK0 ] int 
  resultado       2   10[BANK0 ] unsigned int 
 Return value:  Size  Location     Type
                  2    4[BANK0 ] unsigned int 
 Registers used:
		wreg, status,2, status,0, pclath, cstack
 Tracked objects:
		On entry : 
		On exit  : 
		Unchanged: 
 Data sizes:     COMMON   BANK0   BANK1   BANK3   BANK2
      Params:         0       4       0       0       0
      Locals:         0       4       0       0       0
      Temps:          0       0       0       0       0
      Totals:         0       8       0       0       0
Total ram usage:        8 bytes
 Hardware stack levels used:    1
 Hardware stack levels required when called:    2
 This function calls:
		___wmul
 This function is called by:
		_ingresoProd
		_verificarProd
		_eliminarProd
 This function uses a non-reentrant model


 *************** function ___wmul *****************
 Defined at:
		line 15 in file "C:\Program Files (x86)\Microchip\xc8\v2.10\pic\sources\c90\common\Umul16.c"
 Parameters:    Size  Location     Type
  multiplier      2    0[BANK0 ] unsigned int 
  multiplicand    2    2[BANK0 ] unsigned int 
 Auto vars:     Size  Location     Type
  product         2    4[COMMON] unsigned int 
 Return value:  Size  Location     Type
                  2    0[BANK0 ] unsigned int 
 Registers used:
		wreg, status,2, status,0
 Tracked objects:
		On entry : 
		On exit  : 
		Unchanged: 
 Data sizes:     COMMON   BANK0   BANK1   BANK3   BANK2
      Params:         0       4       0       0       0
      Locals:         2       0       0       0       0
      Temps:          0       0       0       0       0
      Totals:         2       4       0       0       0
Total ram usage:        6 bytes
 Hardware stack levels used:    1
 Hardware stack levels required when called:    1
 This function calls:
		Nothing
 This function is called by:
		_lecturaConsulta
		_pow
		_agregarModificarPrecio
 This function uses a non-reentrant model


 *************** function _accionesAceptar *****************
 Defined at:
		line 9 in file "acciones.c"
 Parameters:    Size  Location     Type
		None
 Auto vars:     Size  Location     Type
  i               2   17[BANK0 ] short 
 Return value:  Size  Location     Type
                  1    wreg      void 
 Registers used:
		wreg, fsr0l, fsr0h, status,2, status,0, btemp+1, pclath, cstack
 Tracked objects:
		On entry : 
		On exit  : 
		Unchanged: 
 Data sizes:     COMMON   BANK0   BANK1   BANK3   BANK2
      Params:         0       0       0       0       0
      Locals:         0       2       0       0       0
      Temps:          0       1       0       0       0
      Totals:         0       3       0       0       0
Total ram usage:        3 bytes
 Hardware stack levels used:    1
 Hardware stack levels required when called:    3
 This function calls:
		_bailenLeds
		_mostrarDigitos
 This function is called by:
		_main
 This function uses a non-reentrant model


 *************** function _mostrarDigitos *****************
 Defined at:
		line 17 in file "mostrarInicializar.c"
 Parameters:    Size  Location     Type
  num             2   12[BANK0 ] unsigned int 
 Auto vars:     Size  Location     Type
		None
 Return value:  Size  Location     Type
                  1    wreg      void 
 Registers used:
		wreg, fsr0l, fsr0h, status,2, status,0, pclath, cstack
 Tracked objects:
		On entry : 
		On exit  : 
		Unchanged: 
 Data sizes:     COMMON   BANK0   BANK1   BANK3   BANK2
      Params:         0       2       0       0       0
      Locals:         0       2       0       0       0
      Temps:          0       0       0       0       0
      Totals:         0       4       0       0       0
Total ram usage:        4 bytes
 Hardware stack levels used:    1
 Hardware stack levels required when called:    2
 This function calls:
		___lwdiv
		___lwmod
 This function is called by:
		_main
		_lecturaEtiqueta
		_accionesAceptar
		_accionesDeshacer
 This function uses a non-reentrant model


 *************** function ___lwmod *****************
 Defined at:
		line 5 in file "C:\Program Files (x86)\Microchip\xc8\v2.10\pic\sources\c90\common\lwmod.c"
 Parameters:    Size  Location     Type
  divisor         2    0[BANK0 ] unsigned int 
  dividend        2    2[BANK0 ] unsigned int 
 Auto vars:     Size  Location     Type
  counter         1    5[COMMON] unsigned char 
 Return value:  Size  Location     Type
                  2    0[BANK0 ] unsigned int 
 Registers used:
		wreg, status,2, status,0
 Tracked objects:
		On entry : 
		On exit  : 
		Unchanged: 
 Data sizes:     COMMON   BANK0   BANK1   BANK3   BANK2
      Params:         0       4       0       0       0
      Locals:         1       0       0       0       0
      Temps:          1       0       0       0       0
      Totals:         2       4       0       0       0
Total ram usage:        6 bytes
 Hardware stack levels used:    1
 Hardware stack levels required when called:    1
 This function calls:
		Nothing
 This function is called by:
		_mostrarDigitos
 This function uses a non-reentrant model


 *************** function ___lwdiv *****************
 Defined at:
		line 5 in file "C:\Program Files (x86)\Microchip\xc8\v2.10\pic\sources\c90\common\lwdiv.c"
 Parameters:    Size  Location     Type
  divisor         2    4[BANK0 ] unsigned int 
  dividend        2    6[BANK0 ] unsigned int 
 Auto vars:     Size  Location     Type
  quotient        2    9[BANK0 ] unsigned int 
  counter         1   11[BANK0 ] unsigned char 
 Return value:  Size  Location     Type
                  2    4[BANK0 ] unsigned int 
 Registers used:
		wreg, status,2, status,0
 Tracked objects:
		On entry : 
		On exit  : 
		Unchanged: 
 Data sizes:     COMMON   BANK0   BANK1   BANK3   BANK2
      Params:         0       4       0       0       0
      Locals:         0       3       0       0       0
      Temps:          0       1       0       0       0
      Totals:         0       8       0       0       0
Total ram usage:        8 bytes
 Hardware stack levels used:    1
 Hardware stack levels required when called:    1
 This function calls:
		Nothing
 This function is called by:
		_mostrarDigitos
 This function uses a non-reentrant model


 *************** function _bailenLeds *****************
 Defined at:
		line 32 in file "mostrarInicializar.c"
 Parameters:    Size  Location     Type
		None
 Auto vars:     Size  Location     Type
  i               2    4[COMMON] unsigned short 
 Return value:  Size  Location     Type
                  1    wreg      void 
 Registers used:
		wreg, status,2
 Tracked objects:
		On entry : 
		On exit  : 
		Unchanged: 
 Data sizes:     COMMON   BANK0   BANK1   BANK3   BANK2
      Params:         0       0       0       0       0
      Locals:         2       0       0       0       0
      Temps:          0       3       0       0       0
      Totals:         2       3       0       0       0
Total ram usage:        5 bytes
 Hardware stack levels used:    1
 Hardware stack levels required when called:    1
 This function calls:
		Nothing
 This function is called by:
		_accionesAceptar
 This function uses a non-reentrant model


 *************** function _int_usart *****************
 Defined at:
		line 44 in file "main.c"
 Parameters:    Size  Location     Type
		None
 Auto vars:     Size  Location     Type
		None
 Return value:  Size  Location     Type
                  1    wreg      void 
 Registers used:
		wreg, fsr0l, fsr0h, status,2, status,0
 Tracked objects:
		On entry : 
		On exit  : 
		Unchanged: 
 Data sizes:     COMMON   BANK0   BANK1   BANK3   BANK2
      Params:         0       0       0       0       0
      Locals:         0       0       0       0       0
      Temps:          4       0       0       0       0
      Totals:         4       0       0       0       0
Total ram usage:        4 bytes
 Hardware stack levels used:    1
 This function calls:
		Nothing
 This function is called by:
		Interrupt level 1
 This function uses a non-reentrant model



MODULE INFORMATION

Module		Function		Class		Link	Load	Size
manejoProductos.c
		_eliminarProd  		CODE           	040A	0000	99
		_ingresoProd   		CODE           	03A8	0000	99
		_verificarProd 		CODE           	0344	0000	101
		_pow           		CODE           	069F	0000	59
		_agregarModificarPrecio		CODE           	0027	0000	271

manejoProductos.c estimated size: 629

C:\Program Files (x86)\Microchip\xc8\v2.10\pic\sources\c90\common\lwdiv.c
		___lwdiv       		CODE           	0561	0000	71

C:\Program Files (x86)\Microchip\xc8\v2.10\pic\sources\c90\common\lwdiv.c estimated size: 71

C:\Program Files (x86)\Microchip\xc8\v2.10\pic\sources\c90\common\awdiv.c
		___awdiv       		CODE           	0274	0000	106

C:\Program Files (x86)\Microchip\xc8\v2.10\pic\sources\c90\common\awdiv.c estimated size: 106

lectura.c
		_lecturaEtiqueta		CODE           	0135	0000	215
		_lecturaConsulta		CODE           	05A7	0000	65
		_EEPROM_search 		CODE           	020B	0000	106
		_lecturaMas    		CODE           	076F	0000	43
		_cierreDeLote  		CODE           	0FA6	0000	11
		_verificacionEntrada		CODE           	070C	0000	51
		_lecturaMenos  		CODE           	0FB0	0000	11
		_lecturaComando		CODE           	0FE0	0000	33

lectura.c estimated size: 535

C:\Program Files (x86)\Microchip\xc8\v2.10\pic\sources\c90\pic\__eeread.c
		_eeprom_read   		CODE           	07E5	0000	24

C:\Program Files (x86)\Microchip\xc8\v2.10\pic\sources\c90\pic\__eeread.c estimated size: 24

C:\Program Files (x86)\Microchip\xc8\v2.10\pic\sources\c90\common\Umul16.c
		___wmul        		CODE           	0799	0000	40

C:\Program Files (x86)\Microchip\xc8\v2.10\pic\sources\c90\common\Umul16.c estimated size: 40

C:\Program Files (x86)\Microchip\xc8\v2.10\pic\sources\c90\common\Umul8.c
		___bmul        		CODE           	0FC9	0000	24

C:\Program Files (x86)\Microchip\xc8\v2.10\pic\sources\c90\common\Umul8.c estimated size: 24

mostrarInicializar.c
		_mostrarDigitos		CODE           	02DD	0000	104
		_bailenLeds    		CODE           	0516	0000	76
		_iniciar_usart 		CODE           	0FBA	0000	16

mostrarInicializar.c estimated size: 196

acciones.c
		_accionesDeshacer		CODE           	07C0	0000	38
		_accionesAceptar		CODE           	0626	0000	62
		_accionesPuertoSerial		CODE           	05E7	0000	64

acciones.c estimated size: 164

C:\Program Files (x86)\Microchip\xc8\v2.10\pic\sources\c90\pic\__eewrite.c
		_eeprom_write  		CODE           	073E	0000	50

C:\Program Files (x86)\Microchip\xc8\v2.10\pic\sources\c90\pic\__eewrite.c estimated size: 50

shared
		__stringtab    		STRING         	0800	0000	7
		__initialization		CODE           	0011	0000	19
		_BMS           		STRING         	0806	0000	11

shared estimated size: 37

C:\Program Files (x86)\Microchip\xc8\v2.10\pic\sources\c90\common\lwmod.c
		___lwmod       		CODE           	0663	0000	61

C:\Program Files (x86)\Microchip\xc8\v2.10\pic\sources\c90\common\lwmod.c estimated size: 61

C:\Program Files (x86)\Microchip\xc8\v2.10\pic\sources\c90\common\awmod.c
		___awmod       		CODE           	046C	0000	92

C:\Program Files (x86)\Microchip\xc8\v2.10\pic\sources\c90\common\awmod.c estimated size: 92

main.c
		_int_usart     		CODE           	06D9	0000	52
		_main          		CODE           	04C7	0000	80

main.c estimated size: 132

