Microchip MPLAB XC8 Compiler V2.10 ()

Linker command line:

-W-3 --edf=C:\Program Files (x86)\Microchip\xc8\v2.10\pic\dat\en_msgs.txt \
  -cs -h+dist/default/production\Obligatorio1.X.production.sym \
  --cmf=dist/default/production\Obligatorio1.X.production.cmf -z -Q16F877A \
  -oC:\Users\julia\AppData\Local\Temp\stmc.2 --defsym=__MPLAB_BUILD=1 \
  -Mdist/default/production/Obligatorio1.X.production.map -E1 -ver=XC8 \
  --acfsm=1493 -ASTACK=0110h-016Fh -pstack=STACK -ACODE=00h-07FFhx4 \
  -ASTRCODE=00h-01FFFh -ASTRING=00h-0FFhx32 -ACONST=00h-0FFhx32 \
  -AENTRY=00h-0FFhx32 -ACOMMON=070h-07Fh -ABANK0=020h-06Fh \
  -ABANK1=0A0h-0EFh -ABANK2=0110h-016Fh -ABANK3=0190h-01EFh \
  -ARAM=020h-06Fh,0A0h-0EFh,0110h-016Fh,0190h-01EFh \
  -AABS1=020h-07Fh,0A0h-0EFh,0110h-016Fh,0190h-01EFh -ASFR0=00h-01Fh \
  -ASFR1=080h-09Fh -ASFR2=0100h-010Fh -ASFR3=0180h-018Fh \
  -preset_vec=00h,intentry=04h,init,end_init -ppowerup=CODE -pcinit=CODE \
  -pfunctab=ENTRY -ACONFIG=02007h-02007h -pconfig=CONFIG -DCONFIG=2 \
  -AIDLOC=02000h-02003h -pidloc=IDLOC -DIDLOC=2 -AEEDATA=00h-0FFh/02100h \
  -peeprom_data=EEDATA -DEEDATA=2 -DCODE=2 -DSTRCODE=2 -DSTRING=2 -DCONST=2 \
  -DENTRY=2 -k C:\Users\julia\AppData\Local\Temp\stmc.o \
  dist/default/production\Obligatorio1.X.production.o 

Object code version is 3.11

Machine type is 16F877A



                Name                               Link     Load   Length Selector   Space Scale
C:\Users\julia\AppData\Local\Temp\stmc.o
                end_init                              E        E        3        8       0
                reset_vec                             0        0        3        0       0
                config                             2007     2007        1     400E       0
dist/default/production\Obligatorio1.X.production.o
                cinit                                11       11       21        8       0
                intentry                              4        4        A        8       0
                text31                              BF6      BF6       5E     17EC       0
                text30                              B50      B50       4B     16A0       0
                text29                              9CD      9CD       3C     139A       0
                text28                              AC1      AC1       46     1582       0
                text27                              A09      A09       3C     1412       0
                text26                              785      785       6F      8A6       0
                text25                              453      453      153      8A6       0
                text24                              EB2      EB2       7C     1D64       0
                text23                              8CE      8CE       27     119C       0
                text22                              993      993       3A     1326       0
                text21                              C54      C54       62     18A8       0
                text20                              A45      A45       3D     148A       0
                text19                              DE0      DE0       69     1BC0       0
                text18                              B9B      B9B       5B     1736       0
                text17                              88F      88F       1F     111E       0
                text16                              235      235       CA        8       0
                text15                              69C      69C       E9      8A6       0
                text14                              878      878       17     10F0       0
                text13                              95C      95C       37     12B8       0
                text12                              F2E      F2E       D2     1E5C       0
                text11                              B07      B07       49     160E       0
                text10                              8F5      8F5       32     11EA       0
                text9                               927      927       35     124E       0
                text8                               862      862       16     10C4       0
                text7                               8AE      8AE       20     115C       0
                text6                               D18      D18       64     1A30       0
                text5                               E49      E49       69     1C92       0
                text4                               CB6      CB6       62     196C       0
                text3                               5A6      5A6       F6      8A6       0
                text2                               D7C      D7C       64     1AF8       0
                text1                               A82      A82       3F     1504       0
                maintext                             32       32      203        8       0
                cstackBANK0                          20       20       4E       20       1
                cstackCOMMON                         74       74        4       70       1
                cstackBANK1                          A0       A0       2D       A0       1
                cstackBANK3                         190      190       42      190       1
                clrtext                             7F4      7F4        8      8A6       0
                bssBANK3                            1D2      1D2        8      190       1
                bssBANK1                             CD       CD       1D       A0       1
                bssBANK0                             6E       6E        1       20       1
                dataCOMMON                           78       78        1       70       1
                bssCOMMON                            70       70        4       70       1
                stringtext                          300      300      153        6       0
                idataCOMMON                         7FC      7FC        1      8A6       0

TOTAL           Name                               Link     Load   Length     Space
        CLASS   STACK          

        CLASS   CODE           
                end_init                              E        E        3         0
                cinit                                11       11       21         0
                intentry                              4        4        A         0
                reset_vec                             0        0        3         0
                text31                              BF6      BF6       5E         0
                text30                              B50      B50       4B         0
                text29                              9CD      9CD       3C         0
                text28                              AC1      AC1       46         0
                text27                              A09      A09       3C         0
                text26                              785      785       6F         0
                text25                              453      453      153         0
                text24                              EB2      EB2       7C         0
                text23                              8CE      8CE       27         0
                text22                              993      993       3A         0
                text21                              C54      C54       62         0
                text20                              A45      A45       3D         0
                text19                              DE0      DE0       69         0
                text18                              B9B      B9B       5B         0
                text17                              88F      88F       1F         0
                text16                              235      235       CA         0
                text15                              69C      69C       E9         0
                text14                              878      878       17         0
                text13                              95C      95C       37         0
                text12                              F2E      F2E       D2         0
                text11                              B07      B07       49         0
                text10                              8F5      8F5       32         0
                text9                               927      927       35         0
                text8                               862      862       16         0
                text7                               8AE      8AE       20         0
                text6                               D18      D18       64         0
                text5                               E49      E49       69         0
                text4                               CB6      CB6       62         0
                text3                               5A6      5A6       F6         0
                text2                               D7C      D7C       64         0
                text1                               A82      A82       3F         0
                maintext                             32       32      203         0
                clrtext                             7F4      7F4        8         0
                idataCOMMON                         7FC      7FC        1         0

        CLASS   STRCODE        
                stringtext                          300      300      153         0

        CLASS   STRING         

        CLASS   CONST          

        CLASS   ENTRY          

        CLASS   COMMON         
                cstackCOMMON                         74       74        4         1
                dataCOMMON                           78       78        1         1
                bssCOMMON                            70       70        4         1

        CLASS   BANK0          
                cstackBANK0                          20       20       4E         1
                bssBANK0                             6E       6E        1         1

        CLASS   BANK1          
                cstackBANK1                          A0       A0       2D         1
                bssBANK1                             CD       CD       1D         1

        CLASS   BANK2          

        CLASS   BANK3          
                cstackBANK3                         190      190       42         1
                bssBANK3                            1D2      1D2        8         1

        CLASS   RAM            

        CLASS   ABS1           
                abs_s1                               7E       7E        2         1

        CLASS   SFR0           

        CLASS   SFR1           

        CLASS   SFR2           

        CLASS   SFR3           

        CLASS   CONFIG         
                config                             2007     2007        1         0

        CLASS   IDLOC          

        CLASS   EEDATA         



SEGMENTS        Name                           Load    Length   Top    Selector   Space  Class     Delta

                reset_vec                      000000  000003  000003         0       0  CODE        2
                intentry                       000004  0002FB  0002FF         8       0  CODE        2
                cstackBANK0                    000020  00004F  00006F        20       1  BANK0       1
                bssCOMMON                      000070  000009  000079        70       1  COMMON      1
                cstackBANK1                    0000A0  00004A  0000EA        A0       1  BANK1       1
                cstackBANK3                    000190  00004A  0001DA       190       1  BANK3       1
                stringtext                     000300  000153  000453         6       0  STRCODE     2
                text25                         000453  0003AA  0007FD       8A6       0  CODE        2
                text8                          000862  000016  000878      10C4       0  CODE        2
                text14                         000878  000017  00088F      10F0       0  CODE        2
                text17                         00088F  00001F  0008AE      111E       0  CODE        2
                text7                          0008AE  000020  0008CE      115C       0  CODE        2
                text23                         0008CE  000027  0008F5      119C       0  CODE        2
                text10                         0008F5  000032  000927      11EA       0  CODE        2
                text9                          000927  000035  00095C      124E       0  CODE        2
                text13                         00095C  000037  000993      12B8       0  CODE        2
                text22                         000993  00003A  0009CD      1326       0  CODE        2
                text29                         0009CD  00003C  000A09      139A       0  CODE        2
                text27                         000A09  00003C  000A45      1412       0  CODE        2
                text20                         000A45  00003D  000A82      148A       0  CODE        2
                text1                          000A82  00003F  000AC1      1504       0  CODE        2
                text28                         000AC1  000046  000B07      1582       0  CODE        2
                text11                         000B07  000049  000B50      160E       0  CODE        2
                text30                         000B50  00004B  000B9B      16A0       0  CODE        2
                text18                         000B9B  00005B  000BF6      1736       0  CODE        2
                text31                         000BF6  00005E  000C54      17EC       0  CODE        2
                text21                         000C54  000062  000CB6      18A8       0  CODE        2
                text4                          000CB6  000062  000D18      196C       0  CODE        2
                text6                          000D18  000064  000D7C      1A30       0  CODE        2
                text2                          000D7C  000064  000DE0      1AF8       0  CODE        2
                text19                         000DE0  000069  000E49      1BC0       0  CODE        2
                text5                          000E49  000069  000EB2      1C92       0  CODE        2
                text24                         000EB2  00007C  000F2E      1D64       0  CODE        2
                text12                         000F2E  0000D2  001000      1E5C       0  CODE        2
                config                         002007  000001  002008      400E       0  CONFIG      2


UNUSED ADDRESS RANGES

        Name                Unused          Largest block    Delta
        BANK0            006F-006F              1           1
        BANK1            00EA-00EF              6           1
        BANK2            0110-016F             60           1
        BANK3            01DA-01EF             16           1
        CODE             0003-0003              1           2
                         02FF-02FF              1
                         07FD-0861              3
                         1000-1FFF            800
        COMMON           0079-007D              5           1
        CONST            0003-0003              1           2
                         02FF-02FF              1
                         07FD-0861              3
                         1000-1FFF            100
        EEDATA           2100-21FF            100           2
        ENTRY            0003-0003              1           2
                         02FF-02FF              1
                         07FD-0861              3
                         1000-1FFF            100
        IDLOC            2000-2003              4           2
        RAM              006F-006F              1           1
                         00EA-00EF              6
                         0110-016F             60
                         01DA-01EF             16
        SFR0             0000-001F             20           1
        SFR1             0080-009F             20           1
        SFR2             0100-010F             10           1
        SFR3             0180-018F             10           1
        STACK            0110-016F             60           1
        STRCODE          0003-0003              1           2
                         02FF-02FF              1
                         07FD-0861             65
                         1000-1FFF           1000
        STRING           0003-0003              1           2
                         02FF-02FF              1
                         07FD-0861              3
                         1000-1FFF            100

                                  Symbol Table

?_EEPROM_search                    cstackBANK0  0036
?___awdiv                          cstackBANK0  0020
?___awmod                          cstackBANK0  0020
?___lwdiv                          cstackBANK0  0026
?___lwmod                          cstackBANK0  002E
?___wmul                           cstackBANK0  0020
?_pow                              cstackBANK0  0026
?_sprintf                          cstackBANK0  0034
EEPROM_search@precio               cstackBANK0  003C
EEPROM_search@tp                   cstackBANK0  003E
_ADCON0                            (abs)        001F
_ADCON1                            (abs)        009F
_ADIF                              (abs)        0066
_ADRESH                            (abs)        001E
_ADRESL                            (abs)        009E
_BS                                stringtext   031C
_EEADR                             (abs)        010D
_EECON1                            (abs)        018C
_EECON1bits                        (abs)        018C
_EECON2                            (abs)        018D
_EEDATA                            (abs)        010C
_EEPROM_search                     text5        0E49
_GO_nDONE                          (abs)        00FA
_INTCON                            (abs)        000B
_INTCONbits                        (abs)        000B
_PIE1bits                          (abs)        008C
_PORTB                             (abs)        0006
_PORTD                             (abs)        0008
_RA3                               (abs)        002B
_RA5                               (abs)        002D
_RCIF                              (abs)        0065
_RCREG                             (abs)        001A
_RCSTA                             (abs)        0018
_RCSTAbits                         (abs)        0018
_RE0                               (abs)        0048
_RE1                               (abs)        0049
_RE2                               (abs)        004A
_SPBRG                             (abs)        0099
_STATUSbits                        (abs)        0003
_T1CON                             (abs)        0010
_TMR1                              (abs)        000E
_TMR1IF                            (abs)        0060
_TRISA                             (abs)        0085
_TRISB                             (abs)        0086
_TRISC                             (abs)        0087
_TRISD                             (abs)        0088
_TRISE                             (abs)        0089
_TXIF                              (abs)        0064
_TXREG                             (abs)        0019
_TXSTA                             (abs)        0098
__CFG_BOREN$ON                     (abs)        0000
__CFG_CP$OFF                       (abs)        0000
__CFG_CPD$OFF                      (abs)        0000
__CFG_FOSC$XT                      (abs)        0000
__CFG_LVP$OFF                      (abs)        0000
__CFG_PWRTE$OFF                    (abs)        0000
__CFG_WDTE$OFF                     (abs)        0000
__CFG_WRT$OFF                      (abs)        0000
__Habs1                            abs1         0000
__Hbank0                           bank0        0000
__Hbank1                           bank1        0000
__Hbank2                           bank2        0000
__Hbank3                           bank3        0000
__HbssBANK0                        bssBANK0     0000
__HbssBANK1                        bssBANK1     0000
__HbssBANK3                        bssBANK3     0000
__HbssCOMMON                       bssCOMMON    0000
__Hcinit                           cinit        0032
__Hclrtext                         clrtext      0000
__Hcode                            code         0000
__Hcommon                          common       0000
__Hconfig                          config       2008
__HcstackBANK0                     cstackBANK0  0000
__HcstackBANK1                     cstackBANK1  0000
__HcstackBANK3                     cstackBANK3  0000
__HcstackCOMMON                    cstackCOMMON 0000
__HdataCOMMON                      dataCOMMON   0000
__Heeprom_data                     eeprom_data  0000
__Hend_init                        end_init     0011
__Hfunctab                         functab      0000
__HidataCOMMON                     idataCOMMON  0000
__Hidloc                           idloc        0000
__Hinit                            init         000E
__Hintentry                        intentry     000E
__Hmaintext                        maintext     0000
__Hpowerup                         powerup      0000
__Hram                             ram          0000
__Hreset_vec                       reset_vec    0003
__Hsfr0                            sfr0         0000
__Hsfr1                            sfr1         0000
__Hsfr2                            sfr2         0000
__Hsfr3                            sfr3         0000
__Hspace_0                         (abs)        2008
__Hspace_1                         (abs)        01DA
__Hspace_2                         (abs)        0000
__Hspace_3                         (abs)        0000
__Hstack                           stack        0000
__Hstrings                         strings      0000
__Hstringtext                      stringtext   0000
__Htext                            text         0000
__Labs1                            abs1         0000
__Lbank0                           bank0        0000
__Lbank1                           bank1        0000
__Lbank2                           bank2        0000
__Lbank3                           bank3        0000
__LbssBANK0                        bssBANK0     0000
__LbssBANK1                        bssBANK1     0000
__LbssBANK3                        bssBANK3     0000
__LbssCOMMON                       bssCOMMON    0000
__Lcinit                           cinit        0011
__Lclrtext                         clrtext      0000
__Lcode                            code         0000
__Lcommon                          common       0000
__Lconfig                          config       2007
__LcstackBANK0                     cstackBANK0  0000
__LcstackBANK1                     cstackBANK1  0000
__LcstackBANK3                     cstackBANK3  0000
__LcstackCOMMON                    cstackCOMMON 0000
__LdataCOMMON                      dataCOMMON   0000
__Leeprom_data                     eeprom_data  0000
__Lend_init                        end_init     000E
__Lfunctab                         functab      0000
__LidataCOMMON                     idataCOMMON  0000
__Lidloc                           idloc        0000
__Linit                            init         000E
__Lintentry                        intentry     0004
__Lmaintext                        maintext     0000
__Lpowerup                         powerup      0000
__Lram                             ram          0000
__Lreset_vec                       reset_vec    0000
__Lsfr0                            sfr0         0000
__Lsfr1                            sfr1         0000
__Lsfr2                            sfr2         0000
__Lsfr3                            sfr3         0000
__Lspace_0                         (abs)        0000
__Lspace_1                         (abs)        0000
__Lspace_2                         (abs)        0000
__Lspace_3                         (abs)        0000
__Lstack                           stack        0000
__Lstrings                         strings      0000
__Lstringtext                      stringtext   0000
__Ltext                            text         0000
__S0                               (abs)        2008
__S1                               (abs)        01DA
__S2                               (abs)        0000
__S3                               (abs)        0000
___awdiv                           text19       0DE0
___awdiv@counter                   cstackBANK0  0025
___awdiv@dividend                  cstackBANK0  0022
___awdiv@divisor                   cstackBANK0  0020
___awdiv@quotient                  cstackBANK0  0027
___awdiv@sign                      cstackBANK0  0026
___awmod                           text18       0B9B
___awmod@counter                   cstackBANK0  0025
___awmod@dividend                  cstackBANK0  0022
___awmod@divisor                   cstackBANK0  0020
___awmod@sign                      cstackBANK0  0026
___bmul                            text14       0878
___bmul@multiplicand               cstackBANK0  0020
___bmul@multiplier                 cstackBANK0  0023
___bmul@product                    cstackBANK0  0022
___int_sp                          stack        0000
___latbits                         (abs)        0002
___lwdiv                           text28       0AC1
___lwdiv@counter                   cstackBANK0  002B
___lwdiv@dividend                  cstackBANK0  0028
___lwdiv@divisor                   cstackBANK0  0026
___lwdiv@quotient                  cstackBANK0  002C
___lwmod                           text27       0A09
___lwmod@counter                   cstackBANK0  0033
___lwmod@dividend                  cstackBANK0  0030
___lwmod@divisor                   cstackBANK0  002E
___sp                              stack        0000
___stackhi                         (abs)        0000
___stacklo                         (abs)        0000
___wmul                            text23       08CE
___wmul@multiplicand               cstackBANK0  0022
___wmul@multiplier                 cstackBANK0  0020
___wmul@product                    cstackBANK0  0024
__end_of_BS                        stringtext   0326
__end_of_EEPROM_search             text5        0EB2
__end_of___awdiv                   text19       0E49
__end_of___awmod                   text18       0BF6
__end_of___bmul                    text14       088F
__end_of___lwdiv                   text28       0B07
__end_of___lwmod                   text27       0A45
__end_of___wmul                    text23       08F5
__end_of__initialization           cinit        002E
__end_of__stringtab                stringtext   0312
__end_of_accionesAceptar           text24       0F2E
__end_of_accionesDeshacer          text20       0A82
__end_of_accionesPuertoSerial      text2        0DE0
__end_of_agregarModificarPrecio    text12       1000
__end_of_bailenLeds                text30       0B9B
__end_of_cierreDeLote              text11       0B50
__end_of_consultaPrecio            text16       02FF
__end_of_dpowers                   stringtext   031C
__end_of_eeprom_read               text17       08AE
__end_of_eeprom_write              text13       0993
__end_of_eliminarProd              text21       0CB6
__end_of_envioTX                   text29       0A09
__end_of_escrituraDeCierre         text1        0AC1
__end_of_ingresoProd               text4        0D18
__end_of_int_usart                 text31       0C54
__end_of_lecturaComando            text7        08CE
__end_of_lecturaConsulta           text15       0785
__end_of_lecturaEtiqueta           text3        069C
__end_of_lecturaMas                text9        095C
__end_of_lecturaMenos              text8        0878
__end_of_main                      maintext     0235
__end_of_mostrarDigitos            text26       07F4
__end_of_pow                       text22       09CD
__end_of_sprintf                   text25       05A6
__end_of_verificacionEntrada       text10       0927
__end_of_verificarProd             text6        0D7C
__initialization                   cinit        0011
__pbssBANK0                        bssBANK0     006E
__pbssBANK1                        bssBANK1     00CD
__pbssBANK3                        bssBANK3     01D2
__pbssCOMMON                       bssCOMMON    0070
__pcstackBANK0                     cstackBANK0  0020
__pcstackBANK1                     cstackBANK1  00A0
__pcstackBANK3                     cstackBANK3  0190
__pcstackCOMMON                    cstackCOMMON 0074
__pdataCOMMON                      dataCOMMON   0078
__pidataCOMMON                     idataCOMMON  07FC
__pintentry                        intentry     0004
__pmaintext                        maintext     0032
__pstringtext                      stringtext   0300
__ptext1                           text1        0A82
__ptext10                          text10       08F5
__ptext11                          text11       0B07
__ptext12                          text12       0F2E
__ptext13                          text13       095C
__ptext14                          text14       0878
__ptext15                          text15       069C
__ptext16                          text16       0235
__ptext17                          text17       088F
__ptext18                          text18       0B9B
__ptext19                          text19       0DE0
__ptext2                           text2        0D7C
__ptext20                          text20       0A45
__ptext21                          text21       0C54
__ptext22                          text22       0993
__ptext23                          text23       08CE
__ptext24                          text24       0EB2
__ptext25                          text25       0453
__ptext26                          text26       0785
__ptext27                          text27       0A09
__ptext28                          text28       0AC1
__ptext29                          text29       09CD
__ptext3                           text3        05A6
__ptext30                          text30       0B50
__ptext31                          text31       0BF6
__ptext4                           text4        0CB6
__ptext5                           text5        0E49
__ptext6                           text6        0D18
__ptext7                           text7        08AE
__ptext8                           text8        0862
__ptext9                           text9        0927
__size_of_EEPROM_search            (abs)        0000
__size_of___awdiv                  (abs)        0000
__size_of___awmod                  (abs)        0000
__size_of___bmul                   (abs)        0000
__size_of___lwdiv                  (abs)        0000
__size_of___lwmod                  (abs)        0000
__size_of___wmul                   (abs)        0000
__size_of_accionesAceptar          (abs)        0000
__size_of_accionesDeshacer         (abs)        0000
__size_of_accionesPuertoSerial     (abs)        0000
__size_of_agregarModificarPrecio   (abs)        0000
__size_of_bailenLeds               (abs)        0000
__size_of_cierreDeLote             (abs)        0000
__size_of_consultaPrecio           (abs)        0000
__size_of_eeprom_read              (abs)        0000
__size_of_eeprom_write             (abs)        0000
__size_of_eliminarProd             (abs)        0000
__size_of_envioTX                  (abs)        0000
__size_of_escrituraDeCierre        (abs)        0000
__size_of_ingresoProd              (abs)        0000
__size_of_int_usart                (abs)        0000
__size_of_lecturaComando           (abs)        0000
__size_of_lecturaConsulta          (abs)        0000
__size_of_lecturaEtiqueta          (abs)        0000
__size_of_lecturaMas               (abs)        0000
__size_of_lecturaMenos             (abs)        0000
__size_of_main                     (abs)        0000
__size_of_mostrarDigitos           (abs)        0000
__size_of_pow                      (abs)        0000
__size_of_sprintf                  (abs)        0000
__size_of_verificacionEntrada      (abs)        0000
__size_of_verificarProd            (abs)        0000
__stringbase                       stringtext   0312
__stringtab                        stringtext   0300
_accionesAceptar                   text24       0EB2
_accionesDeshacer                  text20       0A45
_accionesPuertoSerial              text2        0D7C
_adresult                          bssBANK3     01D8
_agregarModificarPrecio            text12       0F2E
_auxCuenta                         bssBANK3     01D4
_bailenLeds                        text30       0B50
_cierreDeLote                      text11       0B07
_cierreLotePedido                  bssBANK3     01D7
_codigoEntrada                     bssBANK1     00E0
_consultaPrecio                    text16       0235
_cuenta                            bssCOMMON    0070
_dpowers                           stringtext   0312
_eeprom_read                       text17       088F
_eeprom_write                      text13       095C
_eliminarProd                      text21       0C54
_envioTX                           text29       09CD
_escrituraDeCierre                 text1        0A82
_huboInt                           bssBANK3     01D2
_ingresoProd                       text4        0CB6
_int_usart                         text31       0BF6
_lecturaComando                    text7        08AE
_lecturaConsulta                   text15       069C
_lecturaEtiqueta                   text3        05A6
_lecturaMas                        text9        0927
_lecturaMenos                      text8        0862
_main                              maintext     0032
_main$1094                         cstackBANK3  01CC
_main$1095                         cstackBANK3  01CE
_modoDebug                         bssCOMMON    0072
_montosLote                        bssBANK1     00DA
_mostrarDigitos                    text26       0785
_mostrarDigitos$1096               cstackBANK0  0036
_nroLote                           dataCOMMON   0078
_pedidoVoltaje                     bssBANK3     01D6
_pow                               text22       0993
_prodIngresados                    bssBANK1     00CD
_productoIngresado                 bssBANK1     00DE
_serial                            bssCOMMON    0073
_sprintf                           text25       0453
_ventasLote                        bssBANK0     006E
_verificacionEntrada               text10       08F5
_verificarProd                     text6        0D18
accionesAceptar@i                  cstackBANK1  00C0
accionesAceptar@strLote            cstackBANK1  00A0
accionesPuertoSerial@mensaje       cstackBANK3  0190
agregarModificarPrecio@lower_8bits cstackBANK0  005E
agregarModificarPrecio@mensaje     cstackBANK0  0054
agregarModificarPrecio@precio      cstackBANK0  0060
agregarModificarPrecio@tp          cstackBANK0  0062
agregarModificarPrecio@upper_8bits cstackBANK0  005F
bailenLeds@i                       cstackBANK0  0023
btemp                              (abs)        007E
cierreDeLote@strLote               cstackBANK0  004E
clear_ram0                         clrtext      07F4
consultaPrecio@articulo            cstackBANK0  004A
consultaPrecio@mensaje             cstackBANK0  0050
consultaPrecio@precio              cstackBANK0  006A
eeprom_read@addr                   cstackBANK0  0021
eeprom_write@addr                  cstackBANK0  0022
eeprom_write@value                 cstackBANK0  0020
eliminarProd@i                     cstackBANK0  0033
eliminarProd@tp                    cstackBANK0  002E
end_of_initialization              cinit        002E
envioTX@i                          cstackBANK0  0025
envioTX@mensaje                    cstackBANK0  0020
envioTX@transmitir                 cstackBANK0  0027
escrituraDeCierre@lower_8bits      cstackBANK0  0024
escrituraDeCierre@upper_8bits      cstackBANK0  0025
ingresoProd@i                      cstackBANK0  0033
ingresoProd@tp                     cstackBANK0  002E
interrupt_function                 intentry     0004
intlevel0                          functab      0000
intlevel1                          functab      0000
intlevel2                          functab      0000
intlevel3                          functab      0000
intlevel4                          functab      0000
intlevel5                          functab      0000
lecturaConsulta@articulo           cstackBANK1  00C4
lecturaConsulta@strLote            cstackBANK1  00A4
lecturaEtiqueta@Aux                cstackBANK0  0045
lecturaEtiqueta@i                  cstackBANK0  0042
lecturaEtiqueta@tp                 cstackBANK0  0044
main@bufferMsj                     cstackBANK3  01BC
main@i                             cstackBANK3  01D0
main@i_304                         cstackBANK3  01D1
main@strLote                       cstackBANK3  019C
mostrarDigitos@num                 cstackBANK0  0034
pow@i                              cstackBANK0  002A
pow@numero                         cstackBANK0  0026
pow@potencia                       cstackBANK0  0028
pow@resultado                      cstackBANK0  002C
reset_vec                          reset_vec    0000
saved_w                            (abs)        007E
sprintf@ap                         cstackBANK0  0044
sprintf@c                          cstackBANK0  0049
sprintf@cp                         cstackBANK0  0045
sprintf@f                          cstackBANK0  0036
sprintf@flag                       cstackBANK0  0042
sprintf@prec                       cstackBANK0  0043
sprintf@sp                         cstackBANK0  0034
sprintf@val                        cstackBANK0  0047
start                              init         000E
start_initialization               cinit        0011
verificacionEntrada@i              cstackBANK0  0022
verificacionEntrada@ret            cstackBANK0  0021
verificarProd@i                    cstackBANK0  0034
verificarProd@ret                  cstackBANK0  0033
verificarProd@tp                   cstackBANK0  002E
wtemp0                             (abs)        007E


FUNCTION INFORMATION:

 *************** function _main *****************
 Defined at:
		line 8 in file "main.c"
 Parameters:    Size  Location     Type
		None
 Auto vars:     Size  Location     Type
  i               1   64[BANK3 ] unsigned char 
  bufferMsj      16   44[BANK3 ] unsigned char [16]
  i               1   65[BANK3 ] unsigned char 
  strLote        32   12[BANK3 ] unsigned char [32]
 Return value:  Size  Location     Type
                  1    wreg      void 
 Registers used:
		wreg, fsr0l, fsr0h, status,2, status,0, btemp+1, pclath, cstack
 Tracked objects:
		On entry : 
		On exit  : 
		Unchanged: 
 Data sizes:     COMMON   BANK0   BANK1   BANK3   BANK2
      Params:         0       0       0       0       0
      Locals:         0       0       0      54       0
      Temps:          0       0       4       0       0
      Totals:         0       0       4      54       0
Total ram usage:       58 bytes
 Hardware stack levels required when called:    7
 This function calls:
		___lwdiv
		___lwmod
		___wmul
		_accionesAceptar
		_accionesDeshacer
		_accionesPuertoSerial
		_eeprom_read
		_envioTX
		_escrituraDeCierre
		_mostrarDigitos
		_sprintf
 This function is called by:
		Startup code after reset
 This function uses a non-reentrant model


 *************** function _escrituraDeCierre *****************
 Defined at:
		line 56 in file "acciones.c"
 Parameters:    Size  Location     Type
		None
 Auto vars:     Size  Location     Type
  upper_8bits     1    5[BANK0 ] unsigned char 
  lower_8bits     1    4[BANK0 ] unsigned char 
 Return value:  Size  Location     Type
                  1    wreg      void 
 Registers used:
		wreg, status,2, status,0, pclath, cstack
 Tracked objects:
		On entry : 
		On exit  : 
		Unchanged: 
 Data sizes:     COMMON   BANK0   BANK1   BANK3   BANK2
      Params:         0       0       0       0       0
      Locals:         0       2       0       0       0
      Temps:          0       1       0       0       0
      Totals:         0       3       0       0       0
Total ram usage:        3 bytes
 Hardware stack levels used:    1
 Hardware stack levels required when called:    2
 This function calls:
		_eeprom_write
 This function is called by:
		_main
 This function uses a non-reentrant model


 *************** function _accionesPuertoSerial *****************
 Defined at:
		line 35 in file "acciones.c"
 Parameters:    Size  Location     Type
		None
 Auto vars:     Size  Location     Type
  mensaje        12    0[BANK3 ] unsigned char [12]
 Return value:  Size  Location     Type
                  1    wreg      void 
 Registers used:
		wreg, fsr0l, fsr0h, status,2, status,0, btemp+1, pclath, cstack
 Tracked objects:
		On entry : 
		On exit  : 
		Unchanged: 
 Data sizes:     COMMON   BANK0   BANK1   BANK3   BANK2
      Params:         0       0       0       0       0
      Locals:         0       0       0      12       0
      Temps:          0       0       3       0       0
      Totals:         0       0       3      12       0
Total ram usage:       15 bytes
 Hardware stack levels used:    1
 Hardware stack levels required when called:    6
 This function calls:
		_envioTX
		_lecturaComando
		_lecturaEtiqueta
		_sprintf
 This function is called by:
		_main
 This function uses a non-reentrant model


 *************** function _lecturaEtiqueta *****************
 Defined at:
		line 17 in file "lectura.c"
 Parameters:    Size  Location     Type
		None
 Auto vars:     Size  Location     Type
  tp              1   36[BANK0 ] unsigned char 
  i               2   34[BANK0 ] int 
  Aux             2   37[BANK0 ] short 
 Return value:  Size  Location     Type
                  1    wreg      void 
 Registers used:
		wreg, fsr0l, fsr0h, status,2, status,0, btemp+1, pclath, cstack
 Tracked objects:
		On entry : 
		On exit  : 
		Unchanged: 
 Data sizes:     COMMON   BANK0   BANK1   BANK3   BANK2
      Params:         0       0       0       0       0
      Locals:         0       5       0       0       0
      Temps:          0       3       0       0       0
      Totals:         0       8       0       0       0
Total ram usage:        8 bytes
 Hardware stack levels used:    1
 Hardware stack levels required when called:    5
 This function calls:
		_EEPROM_search
		___awmod
		___bmul
		_envioTX
		_ingresoProd
		_mostrarDigitos
 This function is called by:
		_accionesPuertoSerial
 This function uses a non-reentrant model


 *************** function _ingresoProd *****************
 Defined at:
		line 17 in file "manejoProductos.c"
 Parameters:    Size  Location     Type
  tp              2   14[BANK0 ] short 
 Auto vars:     Size  Location     Type
  i               2   19[BANK0 ] short 
 Return value:  Size  Location     Type
                  1    wreg      void 
 Registers used:
		wreg, fsr0l, fsr0h, status,2, status,0, pclath, cstack
 Tracked objects:
		On entry : 
		On exit  : 
		Unchanged: 
 Data sizes:     COMMON   BANK0   BANK1   BANK3   BANK2
      Params:         0       2       0       0       0
      Locals:         0       2       0       0       0
      Temps:          0       3       0       0       0
      Totals:         0       7       0       0       0
Total ram usage:        7 bytes
 Hardware stack levels used:    1
 Hardware stack levels required when called:    3
 This function calls:
		_pow
 This function is called by:
		_lecturaEtiqueta
 This function uses a non-reentrant model


 *************** function _EEPROM_search *****************
 Defined at:
		line 3 in file "lectura.c"
 Parameters:    Size  Location     Type
  tp              1    wreg     unsigned char 
 Auto vars:     Size  Location     Type
  tp              1   30[BANK0 ] unsigned char 
  precio          2   28[BANK0 ] short 
 Return value:  Size  Location     Type
                  2   22[BANK0 ] short 
 Registers used:
		wreg, fsr0l, fsr0h, status,2, status,0, btemp+1, pclath, cstack
 Tracked objects:
		On entry : 
		On exit  : 
		Unchanged: 
 Data sizes:     COMMON   BANK0   BANK1   BANK3   BANK2
      Params:         0       2       0       0       0
      Locals:         0       3       0       0       0
      Temps:          0       4       0       0       0
      Totals:         0       9       0       0       0
Total ram usage:        9 bytes
 Hardware stack levels used:    1
 Hardware stack levels required when called:    4
 This function calls:
		___awdiv
		_eeprom_read
		_verificarProd
 This function is called by:
		_lecturaEtiqueta
 This function uses a non-reentrant model


 *************** function _verificarProd *****************
 Defined at:
		line 30 in file "manejoProductos.c"
 Parameters:    Size  Location     Type
  tp              2   14[BANK0 ] short 
 Auto vars:     Size  Location     Type
  i               2   20[BANK0 ] short 
  ret             1   19[BANK0 ] unsigned char 
 Return value:  Size  Location     Type
                  1    wreg      unsigned char 
 Registers used:
		wreg, fsr0l, fsr0h, status,2, status,0, pclath, cstack
 Tracked objects:
		On entry : 
		On exit  : 
		Unchanged: 
 Data sizes:     COMMON   BANK0   BANK1   BANK3   BANK2
      Params:         0       2       0       0       0
      Locals:         0       3       0       0       0
      Temps:          0       3       0       0       0
      Totals:         0       8       0       0       0
Total ram usage:        8 bytes
 Hardware stack levels used:    1
 Hardware stack levels required when called:    3
 This function calls:
		_pow
 This function is called by:
		_EEPROM_search
 This function uses a non-reentrant model


 *************** function _lecturaComando *****************
 Defined at:
		line 174 in file "lectura.c"
 Parameters:    Size  Location     Type
		None
 Auto vars:     Size  Location     Type
		None
 Return value:  Size  Location     Type
                  1    wreg      void 
 Registers used:
		wreg, fsr0l, fsr0h, status,2, status,0, btemp+1, pclath, cstack
 Tracked objects:
		On entry : 
		On exit  : 
		Unchanged: 
 Data sizes:     COMMON   BANK0   BANK1   BANK3   BANK2
      Params:         0       0       0       0       0
      Locals:         0       0       0       0       0
      Temps:          0       0       0       0       0
      Totals:         0       0       0       0       0
Total ram usage:        0 bytes
 Hardware stack levels used:    1
 Hardware stack levels required when called:    5
 This function calls:
		_lecturaConsulta
		_lecturaMas
		_lecturaMenos
 This function is called by:
		_accionesPuertoSerial
 This function uses a non-reentrant model


 *************** function _lecturaMenos *****************
 Defined at:
		line 104 in file "lectura.c"
 Parameters:    Size  Location     Type
		None
 Auto vars:     Size  Location     Type
		None
 Return value:  Size  Location     Type
                  1    wreg      void 
 Registers used:
		wreg, fsr0l, fsr0h, status,2, status,0, btemp+1, pclath, cstack
 Tracked objects:
		On entry : 
		On exit  : 
		Unchanged: 
 Data sizes:     COMMON   BANK0   BANK1   BANK3   BANK2
      Params:         0       0       0       0       0
      Locals:         0       0       0       0       0
      Temps:          0       0       0       0       0
      Totals:         0       0       0       0       0
Total ram usage:        0 bytes
 Hardware stack levels used:    1
 Hardware stack levels required when called:    3
 This function calls:
		_envioTX
 This function is called by:
		_lecturaComando
 This function uses a non-reentrant model


 *************** function _lecturaMas *****************
 Defined at:
		line 89 in file "lectura.c"
 Parameters:    Size  Location     Type
		None
 Auto vars:     Size  Location     Type
		None
 Return value:  Size  Location     Type
                  1    wreg      void 
 Registers used:
		wreg, fsr0l, fsr0h, status,2, status,0, btemp+1, pclath, cstack
 Tracked objects:
		On entry : 
		On exit  : 
		Unchanged: 
 Data sizes:     COMMON   BANK0   BANK1   BANK3   BANK2
      Params:         0       0       0       0       0
      Locals:         0       0       0       0       0
      Temps:          0       0       0       0       0
      Totals:         0       0       0       0       0
Total ram usage:        0 bytes
 Hardware stack levels used:    1
 Hardware stack levels required when called:    4
 This function calls:
		_agregarModificarPrecio
		_cierreDeLote
		_envioTX
		_verificacionEntrada
 This function is called by:
		_lecturaComando
 This function uses a non-reentrant model


 *************** function _verificacionEntrada *****************
 Defined at:
		line 62 in file "lectura.c"
 Parameters:    Size  Location     Type
		None
 Auto vars:     Size  Location     Type
  i               1    2[BANK0 ] unsigned char 
  ret             1    1[BANK0 ] unsigned char 
 Return value:  Size  Location     Type
                  1    wreg      unsigned char 
 Registers used:
		wreg, fsr0l, fsr0h, status,2, status,0
 Tracked objects:
		On entry : 
		On exit  : 
		Unchanged: 
 Data sizes:     COMMON   BANK0   BANK1   BANK3   BANK2
      Params:         0       0       0       0       0
      Locals:         0       2       0       0       0
      Temps:          0       1       0       0       0
      Totals:         0       3       0       0       0
Total ram usage:        3 bytes
 Hardware stack levels used:    1
 Hardware stack levels required when called:    1
 This function calls:
		Nothing
 This function is called by:
		_lecturaMas
 This function uses a non-reentrant model


 *************** function _cierreDeLote *****************
 Defined at:
		line 72 in file "lectura.c"
 Parameters:    Size  Location     Type
		None
 Auto vars:     Size  Location     Type
  strLote        32   46[BANK0 ] unsigned char [32]
 Return value:  Size  Location     Type
                  1    wreg      void 
 Registers used:
		wreg, fsr0l, fsr0h, status,2, status,0, btemp+1, pclath, cstack
 Tracked objects:
		On entry : 
		On exit  : 
		Unchanged: 
 Data sizes:     COMMON   BANK0   BANK1   BANK3   BANK2
      Params:         0       0       0       0       0
      Locals:         0      32       0       0       0
      Temps:          0       4       0       0       0
      Totals:         0      36       0       0       0
Total ram usage:       36 bytes
 Hardware stack levels used:    1
 Hardware stack levels required when called:    3
 This function calls:
		_envioTX
		_sprintf
 This function is called by:
		_lecturaMas
 This function uses a non-reentrant model


 *************** function _agregarModificarPrecio *****************
 Defined at:
		line 61 in file "manejoProductos.c"
 Parameters:    Size  Location     Type
		None
 Auto vars:     Size  Location     Type
  mensaje        10   52[BANK0 ] unsigned char [10]
  precio          2   64[BANK0 ] short 
  upper_8bits     1   63[BANK0 ] unsigned char 
  lower_8bits     1   62[BANK0 ] unsigned char 
  tp              1   66[BANK0 ] unsigned char 
 Return value:  Size  Location     Type
                  1    wreg      void 
 Registers used:
		wreg, fsr0l, fsr0h, status,2, status,0, btemp+1, pclath, cstack
 Tracked objects:
		On entry : 
		On exit  : 
		Unchanged: 
 Data sizes:     COMMON   BANK0   BANK1   BANK3   BANK2
      Params:         0       0       0       0       0
      Locals:         0      15       0       0       0
      Temps:          0      10       0       0       0
      Totals:         0      25       0       0       0
Total ram usage:       25 bytes
 Hardware stack levels used:    1
 Hardware stack levels required when called:    3
 This function calls:
		___awdiv
		___bmul
		___wmul
		_eeprom_write
		_envioTX
		_sprintf
 This function is called by:
		_lecturaMas
 This function uses a non-reentrant model


 *************** function _eeprom_write *****************
 Defined at:
		line 6 in file "C:\Program Files (x86)\Microchip\xc8\v2.10\pic\sources\c90\pic\__eewrite.c"
 Parameters:    Size  Location     Type
  addr            1    wreg     unsigned char 
  value           1    0[BANK0 ] unsigned char 
 Auto vars:     Size  Location     Type
  addr            1    2[BANK0 ] unsigned char 
 Return value:  Size  Location     Type
                  1    wreg      void 
 Registers used:
		wreg, status,2, status,0
 Tracked objects:
		On entry : 
		On exit  : 
		Unchanged: 
 Data sizes:     COMMON   BANK0   BANK1   BANK3   BANK2
      Params:         0       1       0       0       0
      Locals:         0       1       0       0       0
      Temps:          0       1       0       0       0
      Totals:         0       3       0       0       0
Total ram usage:        3 bytes
 Hardware stack levels used:    1
 Hardware stack levels required when called:    1
 This function calls:
		Nothing
 This function is called by:
		_escrituraDeCierre
		_agregarModificarPrecio
 This function uses a non-reentrant model


 *************** function ___bmul *****************
 Defined at:
		line 4 in file "C:\Program Files (x86)\Microchip\xc8\v2.10\pic\sources\c90\common\Umul8.c"
 Parameters:    Size  Location     Type
  multiplier      1    wreg     unsigned char 
  multiplicand    1    0[BANK0 ] unsigned char 
 Auto vars:     Size  Location     Type
  multiplier      1    3[BANK0 ] unsigned char 
  product         1    2[BANK0 ] unsigned char 
 Return value:  Size  Location     Type
                  1    wreg      unsigned char 
 Registers used:
		wreg, status,2, status,0
 Tracked objects:
		On entry : 
		On exit  : 
		Unchanged: 
 Data sizes:     COMMON   BANK0   BANK1   BANK3   BANK2
      Params:         0       1       0       0       0
      Locals:         0       2       0       0       0
      Temps:          0       1       0       0       0
      Totals:         0       4       0       0       0
Total ram usage:        4 bytes
 Hardware stack levels used:    1
 Hardware stack levels required when called:    1
 This function calls:
		Nothing
 This function is called by:
		_lecturaEtiqueta
		_agregarModificarPrecio
 This function uses a non-reentrant model


 *************** function _lecturaConsulta *****************
 Defined at:
		line 136 in file "lectura.c"
 Parameters:    Size  Location     Type
		None
 Auto vars:     Size  Location     Type
  articulo        2   36[BANK1 ] unsigned short 
  strLote        32    4[BANK1 ] unsigned char [32]
 Return value:  Size  Location     Type
                  1    wreg      void 
 Registers used:
		wreg, fsr0l, fsr0h, status,2, status,0, btemp+1, pclath, cstack
 Tracked objects:
		On entry : 
		On exit  : 
		Unchanged: 
 Data sizes:     COMMON   BANK0   BANK1   BANK3   BANK2
      Params:         0       0       0       0       0
      Locals:         0       0      34       0       0
      Temps:          0       0       4       0       0
      Totals:         0       0      38       0       0
Total ram usage:       38 bytes
 Hardware stack levels used:    1
 Hardware stack levels required when called:    4
 This function calls:
		___wmul
		_consultaPrecio
		_envioTX
		_sprintf
 This function is called by:
		_lecturaComando
 This function uses a non-reentrant model


 *************** function _consultaPrecio *****************
 Defined at:
		line 114 in file "lectura.c"
 Parameters:    Size  Location     Type
  articulo        2   42[BANK0 ] short 
 Auto vars:     Size  Location     Type
  precio          2   74[BANK0 ] short 
  mensaje        26   48[BANK0 ] unsigned char [26]
 Return value:  Size  Location     Type
                  1    wreg      void 
 Registers used:
		wreg, fsr0l, fsr0h, status,2, status,0, btemp+1, pclath, cstack
 Tracked objects:
		On entry : 
		On exit  : 
		Unchanged: 
 Data sizes:     COMMON   BANK0   BANK1   BANK3   BANK2
      Params:         0       2       0       0       0
      Locals:         0      28       0       0       0
      Temps:          0       4       0       0       0
      Totals:         0      34       0       0       0
Total ram usage:       34 bytes
 Hardware stack levels used:    1
 Hardware stack levels required when called:    3
 This function calls:
		___awdiv
		___awmod
		_eeprom_read
		_envioTX
		_sprintf
 This function is called by:
		_lecturaConsulta
 This function uses a non-reentrant model


 *************** function _eeprom_read *****************
 Defined at:
		line 6 in file "C:\Program Files (x86)\Microchip\xc8\v2.10\pic\sources\c90\pic\__eeread.c"
 Parameters:    Size  Location     Type
  addr            1    wreg     unsigned char 
 Auto vars:     Size  Location     Type
  addr            1    1[BANK0 ] unsigned char 
 Return value:  Size  Location     Type
                  1    wreg      unsigned char 
 Registers used:
		wreg, status,2, status,0
 Tracked objects:
		On entry : 
		On exit  : 
		Unchanged: 
 Data sizes:     COMMON   BANK0   BANK1   BANK3   BANK2
      Params:         0       0       0       0       0
      Locals:         0       1       0       0       0
      Temps:          0       1       0       0       0
      Totals:         0       2       0       0       0
Total ram usage:        2 bytes
 Hardware stack levels used:    1
 Hardware stack levels required when called:    1
 This function calls:
		Nothing
 This function is called by:
		_EEPROM_search
		_consultaPrecio
		_main
 This function uses a non-reentrant model


 *************** function ___awmod *****************
 Defined at:
		line 5 in file "C:\Program Files (x86)\Microchip\xc8\v2.10\pic\sources\c90\common\awmod.c"
 Parameters:    Size  Location     Type
  divisor         2    0[BANK0 ] int 
  dividend        2    2[BANK0 ] int 
 Auto vars:     Size  Location     Type
  sign            1    6[BANK0 ] unsigned char 
  counter         1    5[BANK0 ] unsigned char 
 Return value:  Size  Location     Type
                  2    0[BANK0 ] int 
 Registers used:
		wreg, status,2, status,0
 Tracked objects:
		On entry : 
		On exit  : 
		Unchanged: 
 Data sizes:     COMMON   BANK0   BANK1   BANK3   BANK2
      Params:         0       4       0       0       0
      Locals:         0       2       0       0       0
      Temps:          0       1       0       0       0
      Totals:         0       7       0       0       0
Total ram usage:        7 bytes
 Hardware stack levels used:    1
 Hardware stack levels required when called:    1
 This function calls:
		Nothing
 This function is called by:
		_lecturaEtiqueta
		_consultaPrecio
 This function uses a non-reentrant model


 *************** function ___awdiv *****************
 Defined at:
		line 5 in file "C:\Program Files (x86)\Microchip\xc8\v2.10\pic\sources\c90\common\awdiv.c"
 Parameters:    Size  Location     Type
  divisor         2    0[BANK0 ] int 
  dividend        2    2[BANK0 ] int 
 Auto vars:     Size  Location     Type
  quotient        2    7[BANK0 ] int 
  sign            1    6[BANK0 ] unsigned char 
  counter         1    5[BANK0 ] unsigned char 
 Return value:  Size  Location     Type
                  2    0[BANK0 ] int 
 Registers used:
		wreg, status,2, status,0
 Tracked objects:
		On entry : 
		On exit  : 
		Unchanged: 
 Data sizes:     COMMON   BANK0   BANK1   BANK3   BANK2
      Params:         0       4       0       0       0
      Locals:         0       4       0       0       0
      Temps:          0       1       0       0       0
      Totals:         0       9       0       0       0
Total ram usage:        9 bytes
 Hardware stack levels used:    1
 Hardware stack levels required when called:    1
 This function calls:
		Nothing
 This function is called by:
		_EEPROM_search
		_consultaPrecio
		_agregarModificarPrecio
 This function uses a non-reentrant model


 *************** function _accionesDeshacer *****************
 Defined at:
		line 23 in file "acciones.c"
 Parameters:    Size  Location     Type
		None
 Auto vars:     Size  Location     Type
		None
 Return value:  Size  Location     Type
                  1    wreg      void 
 Registers used:
		wreg, fsr0l, fsr0h, status,2, status,0, btemp+1, pclath, cstack
 Tracked objects:
		On entry : 
		On exit  : 
		Unchanged: 
 Data sizes:     COMMON   BANK0   BANK1   BANK3   BANK2
      Params:         0       0       0       0       0
      Locals:         0       0       0       0       0
      Temps:          0       0       0       0       0
      Totals:         0       0       0       0       0
Total ram usage:        0 bytes
 Hardware stack levels used:    1
 Hardware stack levels required when called:    4
 This function calls:
		_eliminarProd
		_envioTX
		_mostrarDigitos
 This function is called by:
		_main
 This function uses a non-reentrant model


 *************** function _eliminarProd *****************
 Defined at:
		line 47 in file "manejoProductos.c"
 Parameters:    Size  Location     Type
  tp              2   14[BANK0 ] short 
 Auto vars:     Size  Location     Type
  i               2   19[BANK0 ] short 
 Return value:  Size  Location     Type
                  1    wreg      void 
 Registers used:
		wreg, fsr0l, fsr0h, status,2, status,0, pclath, cstack
 Tracked objects:
		On entry : 
		On exit  : 
		Unchanged: 
 Data sizes:     COMMON   BANK0   BANK1   BANK3   BANK2
      Params:         0       2       0       0       0
      Locals:         0       2       0       0       0
      Temps:          0       3       0       0       0
      Totals:         0       7       0       0       0
Total ram usage:        7 bytes
 Hardware stack levels used:    1
 Hardware stack levels required when called:    3
 This function calls:
		_pow
 This function is called by:
		_accionesDeshacer
 This function uses a non-reentrant model


 *************** function _pow *****************
 Defined at:
		line 3 in file "manejoProductos.c"
 Parameters:    Size  Location     Type
  numero          2    6[BANK0 ] unsigned int 
  potencia        2    8[BANK0 ] unsigned int 
 Auto vars:     Size  Location     Type
  i               2   10[BANK0 ] int 
  resultado       2   12[BANK0 ] unsigned int 
 Return value:  Size  Location     Type
                  2    6[BANK0 ] unsigned int 
 Registers used:
		wreg, status,2, status,0, pclath, cstack
 Tracked objects:
		On entry : 
		On exit  : 
		Unchanged: 
 Data sizes:     COMMON   BANK0   BANK1   BANK3   BANK2
      Params:         0       4       0       0       0
      Locals:         0       4       0       0       0
      Temps:          0       0       0       0       0
      Totals:         0       8       0       0       0
Total ram usage:        8 bytes
 Hardware stack levels used:    1
 Hardware stack levels required when called:    2
 This function calls:
		___wmul
 This function is called by:
		_ingresoProd
		_verificarProd
		_eliminarProd
 This function uses a non-reentrant model


 *************** function ___wmul *****************
 Defined at:
		line 15 in file "C:\Program Files (x86)\Microchip\xc8\v2.10\pic\sources\c90\common\Umul16.c"
 Parameters:    Size  Location     Type
  multiplier      2    0[BANK0 ] unsigned int 
  multiplicand    2    2[BANK0 ] unsigned int 
 Auto vars:     Size  Location     Type
  product         2    4[BANK0 ] unsigned int 
 Return value:  Size  Location     Type
                  2    0[BANK0 ] unsigned int 
 Registers used:
		wreg, status,2, status,0
 Tracked objects:
		On entry : 
		On exit  : 
		Unchanged: 
 Data sizes:     COMMON   BANK0   BANK1   BANK3   BANK2
      Params:         0       4       0       0       0
      Locals:         0       2       0       0       0
      Temps:          0       0       0       0       0
      Totals:         0       6       0       0       0
Total ram usage:        6 bytes
 Hardware stack levels used:    1
 Hardware stack levels required when called:    1
 This function calls:
		Nothing
 This function is called by:
		_lecturaConsulta
		_main
		_pow
		_agregarModificarPrecio
 This function uses a non-reentrant model


 *************** function _accionesAceptar *****************
 Defined at:
		line 4 in file "acciones.c"
 Parameters:    Size  Location     Type
		None
 Auto vars:     Size  Location     Type
  strLote        32    0[BANK1 ] unsigned char [32]
  i               2   32[BANK1 ] short 
 Return value:  Size  Location     Type
                  1    wreg      void 
 Registers used:
		wreg, fsr0l, fsr0h, status,2, status,0, btemp+1, pclath, cstack
 Tracked objects:
		On entry : 
		On exit  : 
		Unchanged: 
 Data sizes:     COMMON   BANK0   BANK1   BANK3   BANK2
      Params:         0       0       0       0       0
      Locals:         0       0      34       0       0
      Temps:          0       4       0       0       0
      Totals:         0       4      34       0       0
Total ram usage:       38 bytes
 Hardware stack levels used:    1
 Hardware stack levels required when called:    3
 This function calls:
		_bailenLeds
		_envioTX
		_mostrarDigitos
		_sprintf
 This function is called by:
		_main
 This function uses a non-reentrant model


 *************** function _sprintf *****************
 Defined at:
		line 505 in file "C:\Program Files (x86)\Microchip\xc8\v2.10\pic\sources\c90\common\doprnt.c"
 Parameters:    Size  Location     Type
  sp              2   20[BANK0 ] PTR unsigned char 
		 -> agregarModificarPrecio@mensaje(10), main@bufferMsj(16), main@strLote(32), lecturaConsulta@strLote(32), 
		 -> consultaPrecio@mensaje(26), cierreDeLote@strLote(32), accionesPuertoSerial@mensaje(12), accionesAceptar@strLote(32), 
  f               2   22[BANK0 ] PTR const unsigned char 
		 -> STR_17(9), STR_16(10), STR_15(25), STR_13(17), 
		 -> STR_9(22), STR_8(25), STR_5(24), STR_3(5), 
		 -> STR_1(17), 
 Auto vars:     Size  Location     Type
  tmpval          4    0        struct .
  val             2   39[BANK0 ] unsigned int 
  cp              2   37[BANK0 ] PTR const unsigned char 
		 -> STR_19(7), ?_sprintf(2), adresult(2), codigoEntrada(10), 
  len             2    0        unsigned int 
  c               1   41[BANK0 ] unsigned char 
  ap              1   36[BANK0 ] PTR void [1]
		 -> ?_sprintf(2), 
  prec            1   35[BANK0 ] char 
  flag            1   34[BANK0 ] unsigned char 
 Return value:  Size  Location     Type
                  2   20[BANK0 ] int 
 Registers used:
		wreg, fsr0l, fsr0h, status,2, status,0, btemp+1, pclath, cstack
 Tracked objects:
		On entry : 
		On exit  : 
		Unchanged: 
 Data sizes:     COMMON   BANK0   BANK1   BANK3   BANK2
      Params:         0      10       0       0       0
      Locals:         0       8       0       0       0
      Temps:          0       4       0       0       0
      Totals:         0      22       0       0       0
Total ram usage:       22 bytes
 Hardware stack levels used:    1
 Hardware stack levels required when called:    2
 This function calls:
		___lwdiv
		___lwmod
 This function is called by:
		_accionesAceptar
		_accionesPuertoSerial
		_cierreDeLote
		_consultaPrecio
		_lecturaConsulta
		_main
		_agregarModificarPrecio
 This function uses a non-reentrant model


 *************** function _mostrarDigitos *****************
 Defined at:
		line 17 in file "mostrarInicializar.c"
 Parameters:    Size  Location     Type
  num             2   20[BANK0 ] unsigned int 
 Auto vars:     Size  Location     Type
		None
 Return value:  Size  Location     Type
                  1    wreg      void 
 Registers used:
		wreg, fsr0l, fsr0h, status,2, status,0, btemp+1, pclath, cstack
 Tracked objects:
		On entry : 
		On exit  : 
		Unchanged: 
 Data sizes:     COMMON   BANK0   BANK1   BANK3   BANK2
      Params:         0       2       0       0       0
      Locals:         0       2       0       0       0
      Temps:          0       0       0       0       0
      Totals:         0       4       0       0       0
Total ram usage:        4 bytes
 Hardware stack levels used:    1
 Hardware stack levels required when called:    2
 This function calls:
		___lwdiv
		___lwmod
 This function is called by:
		_accionesAceptar
		_accionesDeshacer
		_lecturaEtiqueta
		_main
 This function uses a non-reentrant model


 *************** function ___lwmod *****************
 Defined at:
		line 5 in file "C:\Program Files (x86)\Microchip\xc8\v2.10\pic\sources\c90\common\lwmod.c"
 Parameters:    Size  Location     Type
  divisor         2   14[BANK0 ] unsigned int 
  dividend        2   16[BANK0 ] unsigned int 
 Auto vars:     Size  Location     Type
  counter         1   19[BANK0 ] unsigned char 
 Return value:  Size  Location     Type
                  2   14[BANK0 ] unsigned int 
 Registers used:
		wreg, status,2, status,0
 Tracked objects:
		On entry : 
		On exit  : 
		Unchanged: 
 Data sizes:     COMMON   BANK0   BANK1   BANK3   BANK2
      Params:         0       4       0       0       0
      Locals:         0       1       0       0       0
      Temps:          0       1       0       0       0
      Totals:         0       6       0       0       0
Total ram usage:        6 bytes
 Hardware stack levels used:    1
 Hardware stack levels required when called:    1
 This function calls:
		Nothing
 This function is called by:
		_main
		_mostrarDigitos
		_sprintf
 This function uses a non-reentrant model


 *************** function ___lwdiv *****************
 Defined at:
		line 5 in file "C:\Program Files (x86)\Microchip\xc8\v2.10\pic\sources\c90\common\lwdiv.c"
 Parameters:    Size  Location     Type
  divisor         2    6[BANK0 ] unsigned int 
  dividend        2    8[BANK0 ] unsigned int 
 Auto vars:     Size  Location     Type
  quotient        2   12[BANK0 ] unsigned int 
  counter         1   11[BANK0 ] unsigned char 
 Return value:  Size  Location     Type
                  2    6[BANK0 ] unsigned int 
 Registers used:
		wreg, status,2, status,0
 Tracked objects:
		On entry : 
		On exit  : 
		Unchanged: 
 Data sizes:     COMMON   BANK0   BANK1   BANK3   BANK2
      Params:         0       4       0       0       0
      Locals:         0       3       0       0       0
      Temps:          0       1       0       0       0
      Totals:         0       8       0       0       0
Total ram usage:        8 bytes
 Hardware stack levels used:    1
 Hardware stack levels required when called:    1
 This function calls:
		Nothing
 This function is called by:
		_main
		_mostrarDigitos
		_sprintf
 This function uses a non-reentrant model


 *************** function _envioTX *****************
 Defined at:
		line 39 in file "mostrarInicializar.c"
 Parameters:    Size  Location     Type
  mensaje         2    0[BANK0 ] PTR unsigned char 
		 -> STR_18(19), agregarModificarPrecio@mensaje(10), main@bufferMsj(16), main@strLote(32), 
		 -> STR_14(40), lecturaConsulta@strLote(32), STR_12(20), STR_11(17), 
		 -> STR_10(22), consultaPrecio@mensaje(26), STR_7(40), STR_6(40), 
		 -> cierreDeLote@strLote(32), STR_4(20), accionesPuertoSerial@mensaje(12), STR_2(19), 
		 -> accionesAceptar@strLote(32), 
 Auto vars:     Size  Location     Type
  i               2    5[BANK0 ] int 
  transmitir      1    7[BANK0 ] unsigned char 
 Return value:  Size  Location     Type
                  1    wreg      void 
 Registers used:
		wreg, fsr0l, fsr0h, status,2, status,0, btemp+1, pclath
 Tracked objects:
		On entry : 
		On exit  : 
		Unchanged: 
 Data sizes:     COMMON   BANK0   BANK1   BANK3   BANK2
      Params:         0       2       0       0       0
      Locals:         0       3       0       0       0
      Temps:          0       3       0       0       0
      Totals:         0       8       0       0       0
Total ram usage:        8 bytes
 Hardware stack levels used:    2
 Hardware stack levels required when called:    1
 This function calls:
		Nothing
 This function is called by:
		_accionesAceptar
		_accionesDeshacer
		_accionesPuertoSerial
		_lecturaEtiqueta
		_cierreDeLote
		_lecturaMas
		_lecturaMenos
		_consultaPrecio
		_lecturaConsulta
		_main
		_agregarModificarPrecio
 This function uses a non-reentrant model


 *************** function _bailenLeds *****************
 Defined at:
		line 25 in file "mostrarInicializar.c"
 Parameters:    Size  Location     Type
		None
 Auto vars:     Size  Location     Type
  i               2    3[BANK0 ] unsigned short 
 Return value:  Size  Location     Type
                  1    wreg      void 
 Registers used:
		wreg, status,2
 Tracked objects:
		On entry : 
		On exit  : 
		Unchanged: 
 Data sizes:     COMMON   BANK0   BANK1   BANK3   BANK2
      Params:         0       0       0       0       0
      Locals:         0       2       0       0       0
      Temps:          0       3       0       0       0
      Totals:         0       5       0       0       0
Total ram usage:        5 bytes
 Hardware stack levels used:    1
 Hardware stack levels required when called:    1
 This function calls:
		Nothing
 This function is called by:
		_accionesAceptar
 This function uses a non-reentrant model


 *************** function _int_usart *****************
 Defined at:
		line 93 in file "main.c"
 Parameters:    Size  Location     Type
		None
 Auto vars:     Size  Location     Type
  basura          1    0        unsigned char 
 Return value:  Size  Location     Type
                  1    wreg      void 
 Registers used:
		wreg, fsr0l, fsr0h, status,2, status,0
 Tracked objects:
		On entry : 
		On exit  : 
		Unchanged: 
 Data sizes:     COMMON   BANK0   BANK1   BANK3   BANK2
      Params:         0       0       0       0       0
      Locals:         1       0       0       0       0
      Temps:          4       0       0       0       0
      Totals:         5       0       0       0       0
Total ram usage:        5 bytes
 Hardware stack levels used:    1
 This function calls:
		Nothing
 This function is called by:
		Interrupt level 1
 This function uses a non-reentrant model



MODULE INFORMATION

Module		Function		Class		Link	Load	Size
manejoProductos.c
		_eliminarProd  		CODE           	0C54	0000	99
		_ingresoProd   		CODE           	0CB6	0000	99
		_verificarProd 		CODE           	0D18	0000	101
		_pow           		CODE           	0993	0000	59
		_agregarModificarPrecio		CODE           	0F2E	0000	211

manejoProductos.c estimated size: 569

C:\Program Files (x86)\Microchip\xc8\v2.10\pic\sources\c90\common\lwdiv.c
		___lwdiv       		CODE           	0AC1	0000	71

C:\Program Files (x86)\Microchip\xc8\v2.10\pic\sources\c90\common\lwdiv.c estimated size: 71

C:\Program Files (x86)\Microchip\xc8\v2.10\pic\sources\c90\common\awdiv.c
		___awdiv       		CODE           	0DE0	0000	106

C:\Program Files (x86)\Microchip\xc8\v2.10\pic\sources\c90\common\awdiv.c estimated size: 106

lectura.c
		_lecturaEtiqueta		CODE           	05A6	0000	247
		_lecturaConsulta		CODE           	069C	0000	234
		_EEPROM_search 		CODE           	0E49	0000	106
		_consultaPrecio		CODE           	0235	0000	203
		_lecturaMas    		CODE           	0927	0000	54
		_cierreDeLote  		CODE           	0B07	0000	74
		_verificacionEntrada		CODE           	08F5	0000	51
		_lecturaMenos  		CODE           	0862	0000	23
		_lecturaComando		CODE           	08AE	0000	33

lectura.c estimated size: 1025

C:\Program Files (x86)\Microchip\xc8\v2.10\pic\sources\c90\pic\__eeread.c
		_eeprom_read   		CODE           	088F	0000	32

C:\Program Files (x86)\Microchip\xc8\v2.10\pic\sources\c90\pic\__eeread.c estimated size: 32

C:\Program Files (x86)\Microchip\xc8\v2.10\pic\sources\c90\common\Umul16.c
		___wmul        		CODE           	08CE	0000	40

C:\Program Files (x86)\Microchip\xc8\v2.10\pic\sources\c90\common\Umul16.c estimated size: 40

C:\Program Files (x86)\Microchip\xc8\v2.10\pic\sources\c90\common\Umul8.c
		___bmul        		CODE           	0878	0000	24

C:\Program Files (x86)\Microchip\xc8\v2.10\pic\sources\c90\common\Umul8.c estimated size: 24

mostrarInicializar.c
		_envioTX       		CODE           	09CD	0000	61
		_mostrarDigitos		CODE           	0785	0000	112
		_bailenLeds    		CODE           	0B50	0000	76

mostrarInicializar.c estimated size: 249

acciones.c
		_accionesDeshacer		CODE           	0A45	0000	62
		_escrituraDeCierre		CODE           	0A82	0000	64
		_accionesAceptar		CODE           	0EB2	0000	125
		_accionesPuertoSerial		CODE           	0D7C	0000	101

acciones.c estimated size: 352

C:\Program Files (x86)\Microchip\xc8\v2.10\pic\sources\c90\pic\__eewrite.c
		_eeprom_write  		CODE           	095C	0000	56

C:\Program Files (x86)\Microchip\xc8\v2.10\pic\sources\c90\pic\__eewrite.c estimated size: 56

shared
		__stringtab    		STRCODE        	0300	0000	19
		_dpowers       		STRCODE        	0312	0000	11
		__initialization		CODE           	0011	0000	30
		_BS            		STRCODE        	031C	0000	11

shared estimated size: 71

C:\Program Files (x86)\Microchip\xc8\v2.10\pic\sources\c90\common\lwmod.c
		___lwmod       		CODE           	0A09	0000	61

C:\Program Files (x86)\Microchip\xc8\v2.10\pic\sources\c90\common\lwmod.c estimated size: 61

C:\Program Files (x86)\Microchip\xc8\v2.10\pic\sources\c90\common\awmod.c
		___awmod       		CODE           	0B9B	0000	92

C:\Program Files (x86)\Microchip\xc8\v2.10\pic\sources\c90\common\awmod.c estimated size: 92

C:\Program Files (x86)\Microchip\xc8\v2.10\pic\sources\c90\common\doprnt.c
		_sprintf       		CODE           	0453	0000	340

C:\Program Files (x86)\Microchip\xc8\v2.10\pic\sources\c90\common\doprnt.c estimated size: 340

main.c
		_int_usart     		CODE           	0BF6	0000	95
		_main          		CODE           	0032	0000	516

main.c estimated size: 611

